[    0.000000] Linux version 7.0.0-14-generic (buildd@lcy02-amd64-043) (x86_64-linux-gnu-gcc (Ubuntu 15.2.0-16ubuntu1) 15.2.0, GNU ld (GNU Binutils for Ubuntu) 2.46) #14-Ubuntu SMP PREEMPT_DYNAMIC Mon Apr 13 11:09:53 UTC 2026 (Ubuntu 7.0.0-14.14-generic 7.0.0)
[    0.000000] Command line: BOOT_IMAGE=/boot/vmlinuz-7.0.0-14-generic root=UUID=6f429c86-0bce-47e5-854d-7b52465d8888 ro crashkernel=2G-4G:320M,4G-32G:512M,32G-64G:1024M,64G-128G:2048M,128G-:4096M
[    0.000000] KERNEL supported cpus:
[    0.000000]   Intel GenuineIntel
[    0.000000]   AMD AuthenticAMD
[    0.000000]   Hygon HygonGenuine
[    0.000000]   Centaur CentaurHauls
[    0.000000]   zhaoxin   Shanghai  
[    0.000000] BIOS-provided physical RAM map:
[    0.000000] BIOS-e820: [mem 0x0000000000000000-0x0000000000086fff]  System RAM
[    0.000000] BIOS-e820: [mem 0x0000000000087000-0x0000000000087fff]  device reserved
[    0.000000] BIOS-e820: [mem 0x0000000000088000-0x000000000009ffff]  System RAM
[    0.000000] BIOS-e820: [mem 0x00000000000a0000-0x00000000000bffff]  device reserved
[    0.000000] BIOS-e820: [gap 0x00000000000c0000-0x00000000000fffff]
[    0.000000] BIOS-e820: [mem 0x0000000000100000-0x0000000009afffff]  System RAM
[    0.000000] BIOS-e820: [mem 0x0000000009b00000-0x0000000009dfffff]  device reserved
[    0.000000] BIOS-e820: [mem 0x0000000009e00000-0x0000000009efffff]  System RAM
[    0.000000] BIOS-e820: [mem 0x0000000009f00000-0x0000000009f0afff]  ACPI NVS
[    0.000000] BIOS-e820: [mem 0x0000000009f0b000-0x000000008cf98fff]  System RAM
[    0.000000] BIOS-e820: [mem 0x000000008cf99000-0x000000008e198fff]  device reserved
[    0.000000] BIOS-e820: [mem 0x000000008e199000-0x00000000ab3aefff]  System RAM
[    0.000000] BIOS-e820: [mem 0x00000000ab3af000-0x00000000ad77efff]  device reserved
[    0.000000] BIOS-e820: [mem 0x00000000ad77f000-0x00000000af77efff]  ACPI NVS
[    0.000000] BIOS-e820: [mem 0x00000000af77f000-0x00000000af7fefff]  ACPI data
[    0.000000] BIOS-e820: [mem 0x00000000af7ff000-0x00000000af7fffff]  System RAM
[    0.000000] BIOS-e820: [mem 0x00000000af800000-0x00000000afffffff]  device reserved
[    0.000000] BIOS-e820: [gap 0x00000000b0000000-0x00000000f7ffffff]
[    0.000000] BIOS-e820: [mem 0x00000000f8000000-0x00000000fbffffff]  device reserved
[    0.000000] BIOS-e820: [gap 0x00000000fc000000-0x00000000fdbfffff]
[    0.000000] BIOS-e820: [mem 0x00000000fdc00000-0x00000000fec00fff]  device reserved
[    0.000000] BIOS-e820: [gap 0x00000000fec01000-0x00000000fec0ffff]
[    0.000000] BIOS-e820: [mem 0x00000000fec10000-0x00000000fec10fff]  device reserved
[    0.000000] BIOS-e820: [gap 0x00000000fec11000-0x00000000fed7ffff]
[    0.000000] BIOS-e820: [mem 0x00000000fed80000-0x00000000fed80fff]  device reserved
[    0.000000] BIOS-e820: [gap 0x00000000fed81000-0x00000000fedfffff]
[    0.000000] BIOS-e820: [mem 0x00000000fee00000-0x00000000fee00fff]  device reserved
[    0.000000] BIOS-e820: [gap 0x00000000fee01000-0x00000000feffffff]
[    0.000000] BIOS-e820: [mem 0x00000000ff000000-0x00000000ffcfffff]  device reserved
[    0.000000] BIOS-e820: [gap 0x00000000ffd00000-0x00000000ffffffff]
[    0.000000] BIOS-e820: [mem 0x0000000100000000-0x00000003ceffffff]  System RAM
[    0.000000] BIOS-e820: [mem 0x00000003cf000000-0x000000044effffff]  device reserved
[    0.000000] BIOS-e820: [gap 0x000000044f000000-0x000000044f33ffff]
[    0.000000] BIOS-e820: [mem 0x000000044f340000-0x000000044fffffff]  device reserved
[    0.000000] NX (Execute Disable) protection: active
[    0.000000] APIC: Static calls initialized
[    0.000000] efi: EFI v2.7 by Dell Inc.
[    0.000000] efi: ACPI=0xaf7fe000 ACPI 2.0=0xaf7fe014 TPMFinalLog=0xaf34e000 SMBIOS=0xabe9f000 SMBIOS 3.0=0xabe9c000 ESRT=0xabea0418 MEMATTR=0x9980c018 MOKvar=0xabe9d000 INITRD=0x8e1ae798 RNG=0xaf7bf018 TPMEventLog=0xaf7b4018 
[    0.000000] random: crng init done
[    0.000000] efi: Remove mem47: MMIO range=[0xf8000000-0xfbffffff] (64MB) from e820 map
[    0.000000] e820: remove [mem 0xf8000000-0xfbffffff] device reserved
[    0.000000] efi: Remove mem48: MMIO range=[0xfdc00000-0xfec00fff] (16MB) from e820 map
[    0.000000] e820: remove [mem 0xfdc00000-0xfec00fff] device reserved
[    0.000000] efi: Not removing mem49: MMIO range=[0xfec10000-0xfec10fff] (4KB) from e820 map
[    0.000000] efi: Not removing mem50: MMIO range=[0xfed80000-0xfed80fff] (4KB) from e820 map
[    0.000000] efi: Not removing mem51: MMIO range=[0xfee00000-0xfee00fff] (4KB) from e820 map
[    0.000000] efi: Remove mem52: MMIO range=[0xff000000-0xffcfffff] (13MB) from e820 map
[    0.000000] e820: remove [mem 0xff000000-0xffcfffff] device reserved
[    0.000000] SMBIOS 3.1.1 present.
[    0.000000] DMI: Dell Inc. Inspiron 15 3515/04D48M, BIOS 1.28.0 09/05/2024
[    0.000000] DMI: Memory slots populated: 1/2
[    0.000000] secureboot: Secure boot disabled
[    0.000000] tsc: Fast TSC calibration using PIT
[    0.000000] tsc: Detected 2100.192 MHz processor
[    0.000228] e820: update [mem 0x00000000-0x00000fff] System RAM ==> device reserved
[    0.000231] e820: remove [mem 0x000a0000-0x000fffff] System RAM
[    0.000242] last_pfn = 0x3cf000 max_arch_pfn = 0x400000000
[    0.000251] MTRR map: 7 entries (4 fixed + 3 variable; max 21), built from 9 variable MTRRs
[    0.000254] x86/PAT: Configuration [0-7]: WB  WC  UC- UC  WB  WP  UC- WT  
[    0.000655] last_pfn = 0xaf800 max_arch_pfn = 0x400000000
[    0.005835] esrt: Reserving ESRT space from 0x00000000abea0418 to 0x00000000abea0450.
[    0.005844] Using GB pages for direct mapping
[    0.006500] secureboot: Secure boot disabled
[    0.006502] RAMDISK: [mem 0x7ca8c000-0x80430fff]
[    0.006507] ACPI: Early table checksum verification disabled
[    0.006511] ACPI: RSDP 0x00000000AF7FE014 000024 (v02 DELL  )
[    0.006516] ACPI: XSDT 0x00000000AF7CB188 00010C (v01 DELL   CL09     00000002      01000013)
[    0.006523] ACPI: FACP 0x00000000AF7F1000 00010C (v05 DELL   CL09     00000002 ASL  00040000)
[    0.006528] ACPI: DSDT 0x00000000AF7E3000 00988A (v01 DELL   CL09     00000002 ASL  00040000)
[    0.006532] ACPI: FACS 0x00000000AF34D000 000040
[    0.006535] ACPI: UEFI 0x00000000AF77D000 000236 (v01 DELL   CL09     00000001 ASL  00040000)
[    0.006538] ACPI: SSDT 0x00000000AF7FC000 000100 (v02 AMDpal EDK2     00003000 ACPI 00040000)
[    0.006541] ACPI: SSDT 0x00000000AF7F6000 005419 (v02 AMD    EDK2     00000002 ACPI 00040000)
[    0.006544] ACPI: SLIC 0x00000000AF7F5000 000176 (v01 DELL   CL09     00000001 ASL  00040000)
[    0.006547] ACPI: ASF! 0x00000000AF7F3000 0000A5 (v32 DELL   CL09     00000002 ASL  00040000)
[    0.006550] ACPI: BOOT 0x00000000AF7F2000 000028 (v01 DELL   CL09     00000002 ASL  00040000)
[    0.006553] ACPI: HPET 0x00000000AF7F0000 000038 (v01 DELL   CL09     00000002 ASL  00040000)
[    0.006556] ACPI: APIC 0x00000000AF7EF000 000138 (v03 DELL   CL09     00000002 ASL  00040000)
[    0.006559] ACPI: MCFG 0x00000000AF7EE000 00003C (v01 DELL   CL09     00000002 ASL  00040000)
[    0.006562] ACPI: SLIC 0x00000000AF7ED000 000176 (v01 DELL   CL09     00000002 ASL  00040000)
[    0.006565] ACPI: SSDT 0x00000000AF7E2000 000080 (v01 AMDyde EDK2     00000002 ACPI 00040000)
[    0.006568] ACPI: VFCT 0x00000000AF7D4000 00D484 (v01 DELL   CL09     00000001 ASL  00040000)
[    0.006571] ACPI: TPM2 0x00000000AF7D2000 000034 (v04 DELL   CL09     00000002 ASL  00040000)
[    0.006574] ACPI: SSDT 0x00000000AF7CF000 00119C (v01 AMD    EDK2     00000001 ACPI 00040000)
[    0.006577] ACPI: CDIT 0x00000000AF7CD000 000029 (v01 DELL   CL09     00000001 ASL  00040000)
[    0.006580] ACPI: SSDT 0x00000000AF7FD000 00028D (v01 AMD    EDK2     00000001 ACPI 00040000)
[    0.006583] ACPI: SSDT 0x00000000AF7C9000 000C77 (v01 AMD    EDK2     00000001 ACPI 00040000)
[    0.006586] ACPI: SSDT 0x00000000AF7C4000 0023FF (v01 AMD    EDK2     00000001 ACPI 00040000)
[    0.006589] ACPI: SSDT 0x00000000AF7C1000 000164 (v01 AMDxV? EDK2     00001000 ACPI 00040000)
[    0.006592] ACPI: IVRS 0x00000000AF7D1000 00013E (v02 DELL   CL09     00000001 ASL  00040000)
[    0.006595] ACPI: SSDT 0x00000000AF7CC000 000783 (v02 AMDpal EDK2     00003000 ACPI 00040000)
[    0.006598] ACPI: SSDT 0x00000000AF7C7000 0010A5 (v01 AMD    EDK2     00000001 ACPI 00040000)
[    0.006601] ACPI: SSDT 0x00000000AF7D3000 00046D (v01 AMDyde EDK2     00001000 ACPI 00040000)
[    0.006604] ACPI: SSDT 0x00000000AF7CA000 0005C1 (v01 AMD    EDK2     00000001 ACPI 00040000)
[    0.006607] ACPI: SSDT 0x00000000AF7C0000 0002FE (v01 AMD    EDK2     00000001 ACPI 00040000)
[    0.006610] ACPI: FPDT 0x00000000AF7C3000 000044 (v01 DELL   CL09     00000002 ASL  00040000)
[    0.006613] ACPI: CRAT 0x00000000AF7CE000 000810 (v01 DELL   CL09     00000001 ASL  00040000)
[    0.006616] ACPI: BGRT 0x00000000AF7C2000 000038 (v01 DELL   CL09     00000001 ASL  00040000)
[    0.006618] ACPI: Reserving FACP table memory at [mem 0xaf7f1000-0xaf7f110b]
[    0.006619] ACPI: Reserving DSDT table memory at [mem 0xaf7e3000-0xaf7ec889]
[    0.006621] ACPI: Reserving FACS table memory at [mem 0xaf34d000-0xaf34d03f]
[    0.006622] ACPI: Reserving UEFI table memory at [mem 0xaf77d000-0xaf77d235]
[    0.006622] ACPI: Reserving SSDT table memory at [mem 0xaf7fc000-0xaf7fc0ff]
[    0.006623] ACPI: Reserving SSDT table memory at [mem 0xaf7f6000-0xaf7fb418]
[    0.006624] ACPI: Reserving SLIC table memory at [mem 0xaf7f5000-0xaf7f5175]
[    0.006625] ACPI: Reserving ASF! table memory at [mem 0xaf7f3000-0xaf7f30a4]
[    0.006626] ACPI: Reserving BOOT table memory at [mem 0xaf7f2000-0xaf7f2027]
[    0.006627] ACPI: Reserving HPET table memory at [mem 0xaf7f0000-0xaf7f0037]
[    0.006628] ACPI: Reserving APIC table memory at [mem 0xaf7ef000-0xaf7ef137]
[    0.006628] ACPI: Reserving MCFG table memory at [mem 0xaf7ee000-0xaf7ee03b]
[    0.006629] ACPI: Reserving SLIC table memory at [mem 0xaf7ed000-0xaf7ed175]
[    0.006630] ACPI: Reserving SSDT table memory at [mem 0xaf7e2000-0xaf7e207f]
[    0.006631] ACPI: Reserving VFCT table memory at [mem 0xaf7d4000-0xaf7e1483]
[    0.006632] ACPI: Reserving TPM2 table memory at [mem 0xaf7d2000-0xaf7d2033]
[    0.006633] ACPI: Reserving SSDT table memory at [mem 0xaf7cf000-0xaf7d019b]
[    0.006633] ACPI: Reserving CDIT table memory at [mem 0xaf7cd000-0xaf7cd028]
[    0.006634] ACPI: Reserving SSDT table memory at [mem 0xaf7fd000-0xaf7fd28c]
[    0.006635] ACPI: Reserving SSDT table memory at [mem 0xaf7c9000-0xaf7c9c76]
[    0.006636] ACPI: Reserving SSDT table memory at [mem 0xaf7c4000-0xaf7c63fe]
[    0.006637] ACPI: Reserving SSDT table memory at [mem 0xaf7c1000-0xaf7c1163]
[    0.006638] ACPI: Reserving IVRS table memory at [mem 0xaf7d1000-0xaf7d113d]
[    0.006638] ACPI: Reserving SSDT table memory at [mem 0xaf7cc000-0xaf7cc782]
[    0.006639] ACPI: Reserving SSDT table memory at [mem 0xaf7c7000-0xaf7c80a4]
[    0.006640] ACPI: Reserving SSDT table memory at [mem 0xaf7d3000-0xaf7d346c]
[    0.006641] ACPI: Reserving SSDT table memory at [mem 0xaf7ca000-0xaf7ca5c0]
[    0.006642] ACPI: Reserving SSDT table memory at [mem 0xaf7c0000-0xaf7c02fd]
[    0.006643] ACPI: Reserving FPDT table memory at [mem 0xaf7c3000-0xaf7c3043]
[    0.006644] ACPI: Reserving CRAT table memory at [mem 0xaf7ce000-0xaf7ce80f]
[    0.006644] ACPI: Reserving BGRT table memory at [mem 0xaf7c2000-0xaf7c2037]
[    0.006807] No NUMA configuration found
[    0.006808] Faking a node at [mem 0x0000000000000000-0x00000003ceffffff]
[    0.006822] NODE_DATA(0) allocated [mem 0x3cefd5280-0x3ceffffff]
[    0.007026] crashkernel reserved: 0x000000005c000000 - 0x000000007c000000 (512 MB)
[    0.007214] ACPI: PM-Timer IO Port: 0x408
[    0.007222] ACPI: LAPIC_NMI (acpi_id[0x00] high edge lint[0x1])
[    0.007223] ACPI: LAPIC_NMI (acpi_id[0x01] high edge lint[0x1])
[    0.007224] ACPI: LAPIC_NMI (acpi_id[0x02] high edge lint[0x1])
[    0.007225] ACPI: LAPIC_NMI (acpi_id[0x03] high edge lint[0x1])
[    0.007226] ACPI: LAPIC_NMI (acpi_id[0x04] high edge lint[0x1])
[    0.007227] ACPI: LAPIC_NMI (acpi_id[0x05] high edge lint[0x1])
[    0.007228] ACPI: LAPIC_NMI (acpi_id[0x06] high edge lint[0x1])
[    0.007229] ACPI: LAPIC_NMI (acpi_id[0x07] high edge lint[0x1])
[    0.007229] ACPI: LAPIC_NMI (acpi_id[0x08] high edge lint[0x1])
[    0.007230] ACPI: LAPIC_NMI (acpi_id[0x09] high edge lint[0x1])
[    0.007231] ACPI: LAPIC_NMI (acpi_id[0x0a] high edge lint[0x1])
[    0.007232] ACPI: LAPIC_NMI (acpi_id[0x0b] high edge lint[0x1])
[    0.007232] ACPI: LAPIC_NMI (acpi_id[0x0c] high edge lint[0x1])
[    0.007233] ACPI: LAPIC_NMI (acpi_id[0x0d] high edge lint[0x1])
[    0.007234] ACPI: LAPIC_NMI (acpi_id[0x0e] high edge lint[0x1])
[    0.007235] ACPI: LAPIC_NMI (acpi_id[0x0f] high edge lint[0x1])
[    0.007249] IOAPIC[0]: apic_id 33, version 33, address 0xfec00000, GSI 0-23
[    0.007256] IOAPIC[1]: apic_id 34, version 33, address 0xfec01000, GSI 24-55
[    0.007259] ACPI: INT_SRC_OVR (bus 0 bus_irq 0 global_irq 2 dfl dfl)
[    0.007261] ACPI: INT_SRC_OVR (bus 0 bus_irq 9 global_irq 9 low level)
[    0.007265] ACPI: Using ACPI (MADT) for SMP configuration information
[    0.007267] ACPI: HPET id: 0x10228210 base: 0xfed00000
[    0.007274] e820: update [mem 0x9984e000-0x9987afff] System RAM ==> device reserved
[    0.007289] CPU topo: Max. logical packages:   1
[    0.007290] CPU topo: Max. logical nodes:      1
[    0.007290] CPU topo: Num. nodes per package:  1
[    0.007293] CPU topo: Max. logical dies:       1
[    0.007294] CPU topo: Max. dies per package:   1
[    0.007298] CPU topo: Max. threads per core:   2
[    0.007299] CPU topo: Num. cores per package:     4
[    0.007300] CPU topo: Num. threads per package:   8
[    0.007300] CPU topo: Allowing 8 present CPUs plus 0 hotplug CPUs
[    0.007325] PM: hibernation: Registered nosave memory: [mem 0x00000000-0x00000fff]
[    0.007327] PM: hibernation: Registered nosave memory: [mem 0x00087000-0x00087fff]
[    0.007329] PM: hibernation: Registered nosave memory: [mem 0x000a0000-0x000fffff]
[    0.007331] PM: hibernation: Registered nosave memory: [mem 0x09b00000-0x09dfffff]
[    0.007333] PM: hibernation: Registered nosave memory: [mem 0x09f00000-0x09f0afff]
[    0.007335] PM: hibernation: Registered nosave memory: [mem 0x8cf99000-0x8e198fff]
[    0.007336] PM: hibernation: Registered nosave memory: [mem 0x9984e000-0x9987afff]
[    0.007338] PM: hibernation: Registered nosave memory: [mem 0xab3af000-0xaf7fefff]
[    0.007340] PM: hibernation: Registered nosave memory: [mem 0xaf800000-0xffffffff]
[    0.007342] [gap 0xb0000000-0xfec0ffff] available for PCI devices
[    0.007343] Booting paravirtualized kernel on bare hardware
[    0.007346] clocksource: refined-jiffies: mask: 0xffffffff max_cycles: 0xffffffff, max_idle_ns: 1910969940391419 ns
[    0.007386] Zone ranges:
[    0.007387]   DMA      [mem 0x0000000000001000-0x0000000000ffffff]
[    0.007389]   DMA32    [mem 0x0000000001000000-0x00000000ffffffff]
[    0.007390]   Normal   [mem 0x0000000100000000-0x00000003ceffffff]
[    0.007392]   Device   empty
[    0.007393] Movable zone start for each node
[    0.007396] Early memory node ranges
[    0.007396]   node   0: [mem 0x0000000000001000-0x0000000000086fff]
[    0.007398]   node   0: [mem 0x0000000000088000-0x000000000009ffff]
[    0.007399]   node   0: [mem 0x0000000000100000-0x0000000009afffff]
[    0.007400]   node   0: [mem 0x0000000009e00000-0x0000000009efffff]
[    0.007400]   node   0: [mem 0x0000000009f0b000-0x000000008cf98fff]
[    0.007402]   node   0: [mem 0x000000008e199000-0x00000000ab3aefff]
[    0.007402]   node   0: [mem 0x00000000af7ff000-0x00000000af7fffff]
[    0.007403]   node   0: [mem 0x0000000100000000-0x00000003ceffffff]
[    0.007406] Initmem setup node 0 [mem 0x0000000000001000-0x00000003ceffffff]
[    0.007413] On node 0, zone DMA: 1 pages in unavailable ranges
[    0.007414] On node 0, zone DMA: 1 pages in unavailable ranges
[    0.007434] On node 0, zone DMA: 96 pages in unavailable ranges
[    0.007616] On node 0, zone DMA32: 768 pages in unavailable ranges
[    0.013084] On node 0, zone DMA32: 11 pages in unavailable ranges
[    0.014381] On node 0, zone DMA32: 4608 pages in unavailable ranges
[    0.014568] On node 0, zone DMA32: 17488 pages in unavailable ranges
[    0.043685] On node 0, zone Normal: 2048 pages in unavailable ranges
[    0.043727] On node 0, zone Normal: 4096 pages in unavailable ranges
[    0.043751] setup_percpu: NR_CPUS:8192 nr_cpumask_bits:8 nr_cpu_ids:8 nr_node_ids:1
[    0.044532] percpu: Embedded 85 pages/cpu s225280 r8192 d114688 u524288
[    0.044541] pcpu-alloc: s225280 r8192 d114688 u524288 alloc=1*2097152
[    0.044543] pcpu-alloc: [0] 0 1 2 3 [0] 4 5 6 7 
[    0.044569] Kernel command line: BOOT_IMAGE=/boot/vmlinuz-7.0.0-14-generic root=UUID=6f429c86-0bce-47e5-854d-7b52465d8888 ro crashkernel=2G-4G:320M,4G-32G:512M,32G-64G:1024M,64G-128G:2048M,128G-:4096M
[    0.044639] printk: log buffer data + meta data: 262144 + 1114112 = 1376256 bytes
[    0.046901] Dentry cache hash table entries: 2097152 (order: 12, 16777216 bytes, linear)
[    0.048045] Inode-cache hash table entries: 1048576 (order: 11, 8388608 bytes, linear)
[    0.048176] software IO TLB: area num 8.
[    0.066554] Fallback order for Node 0: 0 
[    0.066563] Built 1 zonelists, mobility grouping on.  Total pages: 3640899
[    0.066565] Policy zone: Normal
[    0.066578] mem auto-init: stack:all(zero), heap alloc:on, heap free:off
[    0.066587] KHO: Failed to reserve lowmem scratch buffer
[    0.066588] KHO: Failed to reserve scratch area, disabling kexec handover
[    0.111106] SLUB: HWalign=64, Order=0-3, MinObjects=0, CPUs=8, Nodes=1
[    0.123528] ftrace: allocating 63887 entries in 252 pages
[    0.123533] ftrace: allocated 252 pages with 6 groups
[    0.124316] Dynamic Preempt: lazy
[    0.124409] rcu: Preemptible hierarchical RCU implementation.
[    0.124410] rcu: 	RCU restricting CPUs from NR_CPUS=8192 to nr_cpu_ids=8.
[    0.124412] 	Trampoline variant of Tasks RCU enabled.
[    0.124412] 	Rude variant of Tasks RCU enabled.
[    0.124413] 	Tracing variant of Tasks RCU enabled.
[    0.124414] rcu: RCU calculated value of scheduler-enlistment delay is 100 jiffies.
[    0.124415] rcu: Adjusting geometry for rcu_fanout_leaf=16, nr_cpu_ids=8
[    0.124426] RCU Tasks: Setting shift to 3 and lim to 1 rcu_task_cb_adjust=1 rcu_task_cpu_ids=8.
[    0.124429] RCU Tasks Rude: Setting shift to 3 and lim to 1 rcu_task_cb_adjust=1 rcu_task_cpu_ids=8.
[    0.130206] NR_IRQS: 524544, nr_irqs: 1032, preallocated irqs: 16
[    0.130462] rcu: srcu_init: Setting srcu_struct sizes based on contention.
[    0.130587] Console: colour dummy device 80x25
[    0.130591] printk: legacy console [tty0] enabled
[    0.131028] ACPI: Core revision 20251212
[    0.131251] clocksource: hpet: mask: 0xffffffff max_cycles: 0xffffffff, max_idle_ns: 133484873504 ns
[    0.131280] APIC: Switch to symmetric I/O mode setup
[    0.131878] AMD-Vi: ivrs, add hid:PNP0D40, uid:, rdevid:0x98
[    0.131883] AMD-Vi: Using global IVHD EFR:0x4f77ef22294ada, EFR2:0x0
[    0.133366] ..TIMER: vector=0x30 apic1=0 pin1=2 apic2=-1 pin2=-1
[    0.138283] clocksource: tsc-early: mask: 0xffffffffffffffff max_cycles: 0x1e45e5e0ffc, max_idle_ns: 440795224468 ns
[    0.138294] Calibrating delay loop (skipped), value calculated using timer frequency.. 4200.38 BogoMIPS (lpj=2100192)
[    0.138312] AMD Zen1 DIV0 bug detected. Disable SMT for full protection.
[    0.138355] LVT offset 1 assigned for vector 0xf9
[    0.138358] LVT offset 2 assigned for vector 0xf4
[    0.138423] Last level iTLB entries: 4KB 1024, 2MB 1024, 4MB 512
[    0.138426] Last level dTLB entries: 4KB 1536, 2MB 1536, 4MB 768, 1GB 0
[    0.138434] process: using mwait in idle threads
[    0.138438] mitigations: Enabled attack vectors: user_kernel, user_user, guest_host, guest_guest, SMT mitigations: auto
[    0.138446] Speculative Store Bypass: Mitigation: Speculative Store Bypass disabled via prctl
[    0.138450] Spectre V2 : Mitigation: Retpolines
[    0.138452] RETBleed: Mitigation: untrained return thunk
[    0.138455] Speculative Return Stack Overflow: Mitigation: Safe RET
[    0.138457] VMSCAPE: Mitigation: IBPB before exit to userspace
[    0.138460] Spectre V1 : Mitigation: usercopy/swapgs barriers and __user pointer sanitization
[    0.138464] Spectre V2 : Spectre v2 / SpectreRSB: Filling RSB on context switch and VMEXIT
[    0.138467] Spectre V2 : Enabling Speculation Barrier for firmware calls
[    0.138469] active return thunk: retbleed_return_thunk
[    0.138477] Spectre V2 : mitigation: Enabling conditional Indirect Branch Prediction Barrier
[    0.138481] active return thunk: srso_return_thunk
[    0.138489] x86/fpu: Supporting XSAVE feature 0x001: 'x87 floating point registers'
[    0.138493] x86/fpu: Supporting XSAVE feature 0x002: 'SSE registers'
[    0.138496] x86/fpu: Supporting XSAVE feature 0x004: 'AVX registers'
[    0.138499] x86/fpu: xstate_offset[2]:  576, xstate_sizes[2]:  256
[    0.138502] x86/fpu: Enabled xstate features 0x7, context size is 832 bytes, using 'compacted' format.
[    0.180845] Freeing SMP alternatives memory: 56K
[    0.180861] pid_max: default: 32768 minimum: 301
[    0.181091] landlock: Up and running.
[    0.181097] Yama: becoming mindful.
[    0.181301] AppArmor: AppArmor initialized
[    0.181307] AppArmor: AppArmor secmark mediation reserved: ready to be enabled
[    0.181483] Mount-cache hash table entries: 32768 (order: 6, 262144 bytes, linear)
[    0.181520] Mountpoint-cache hash table entries: 32768 (order: 6, 262144 bytes, linear)
[    0.181680] VFS: Finished mounting rootfs on nullfs
[    0.285125] smpboot: CPU0: AMD Ryzen 5 3450U with Radeon Vega Mobile Gfx (family: 0x17, model: 0x18, stepping: 0x1)
[    0.285289] Performance Events: Fam17h+ core perfctr, AMD PMU driver.
[    0.285289] ... version:                   0
[    0.285289] ... bit width:                 48
[    0.285289] ... generic counters:          6
[    0.285289] ... generic bitmap:            000000000000003f
[    0.285289] ... fixed-purpose counters:    0
[    0.285289] ... fixed-purpose bitmap:      0000000000000000
[    0.285289] ... value mask:                0000ffffffffffff
[    0.285289] ... max period:                00007fffffffffff
[    0.285289] ... global_ctrl mask:          000000000000003f
[    0.285289] signal: max sigframe size: 1776
[    0.285289] rcu: Hierarchical SRCU implementation.
[    0.285289] rcu: 	Max phase no-delay instances is 400.
[    0.285289] Timer migration: 1 hierarchy levels; 8 children per group; 1 crossnode level
[    0.295313] NMI watchdog: Enabled. Permanently consumes one hw-PMU counter.
[    0.295444] smp: Bringing up secondary CPUs ...
[    0.295629] smpboot: x86: Booting SMP configuration:
[    0.295636] .... node  #0, CPUs:      #2 #4 #6 #1 #3 #5 #7
[    0.302293] VMSCAPE: SMT on, STIBP is required for full protection. See https://www.kernel.org/doc/html/latest/admin-guide/hw-vuln/vmscape.html for more details.
[    0.305350] smp: Brought up 1 node, 8 CPUs
[    0.305350] smpboot: Total of 8 processors activated (33603.07 BogoMIPS)
[    0.307353] Memory: 13522040K/14563596K available (23771K kernel code, 4949K rwdata, 16748K rodata, 5292K init, 5860K bss, 1022996K reserved, 0K cma-reserved)
[    0.308394] devtmpfs: initialized
[    0.308409] x86/mm: Memory block size: 128MB
[    0.312131] ACPI: PM: Registering ACPI NVS region [mem 0x09f00000-0x09f0afff] (45056 bytes)
[    0.312131] ACPI: PM: Registering ACPI NVS region [mem 0xad77f000-0xaf77efff] (33554432 bytes)
[    0.312863] clocksource: jiffies: mask: 0xffffffff max_cycles: 0xffffffff, max_idle_ns: 1911260446275000 ns
[    0.312863] posixtimers hash table entries: 4096 (order: 4, 65536 bytes, linear)
[    0.312863] futex hash table entries: 2048 (131072 bytes on 1 NUMA nodes, total 128 KiB, linear).
[    0.313292] PM: RTC time: 02:52:03, date: 2026-05-21
[    0.314145] NET: Registered PF_NETLINK/PF_ROUTE protocol family
[    0.314763] DMA: preallocated 2048 KiB GFP_KERNEL pool for atomic allocations
[    0.315107] DMA: preallocated 2048 KiB GFP_KERNEL|GFP_DMA pool for atomic allocations
[    0.315464] DMA: preallocated 2048 KiB GFP_KERNEL|GFP_DMA32 pool for atomic allocations
[    0.315505] audit: initializing netlink subsys (disabled)
[    0.315535] audit: type=2000 audit(1779331923.183:1): state=initialized audit_enabled=0 res=1
[    0.315591] thermal_sys: Registered thermal governor 'fair_share'
[    0.315594] thermal_sys: Registered thermal governor 'bang_bang'
[    0.315602] thermal_sys: Registered thermal governor 'step_wise'
[    0.315608] thermal_sys: Registered thermal governor 'user_space'
[    0.315615] thermal_sys: Registered thermal governor 'power_allocator'
[    0.315634] cpuidle: using governor ladder
[    0.315634] cpuidle: using governor menu
[    0.316405] Simple Boot Flag at 0x44 set to 0x80
[    0.321304] efi: Freeing EFI boot services memory: 56132K
[    0.321315] acpiphp: ACPI Hot Plug PCI Controller Driver version: 0.5
[    0.321522] PCI: ECAM [mem 0xf8000000-0xfbffffff] (base 0xf8000000) for domain 0000 [bus 00-3f]
[    0.321549] PCI: Using configuration type 1 for base access
[    0.321692] kprobes: kprobe jump-optimization is enabled. All kprobes are optimized if possible.
[    0.321692] HugeTLB: registered 1.00 GiB page size, pre-allocated 0 pages
[    0.321692] HugeTLB: 16380 KiB vmemmap can be freed for a 1.00 GiB page
[    0.321692] HugeTLB: registered 2.00 MiB page size, pre-allocated 0 pages
[    0.321692] HugeTLB: 28 KiB vmemmap can be freed for a 2.00 MiB page
[    0.323917] fbcon: Taking over console
[    0.323971] ACPI: Added _OSI(Module Device)
[    0.323978] ACPI: Added _OSI(Processor Device)
[    0.323984] ACPI: Added _OSI(Processor Aggregator Device)
[    0.350387] ACPI: 14 ACPI AML tables successfully acquired and loaded
[    0.354027] ACPI: [Firmware Bug]: BIOS _OSI(Linux) query ignored
[    0.357317] ACPI: \_SB_: platform _OSC: OS support mask [006e7eff]
[    0.358348] ACPI: EC: EC started
[    0.358355] ACPI: EC: interrupt blocked
[    0.359590] ACPI: EC: EC_CMD/EC_SC=0x66, EC_DATA=0x62
[    0.359599] ACPI: \_SB_.PCI0.LPC0.EC0_: Boot DSDT EC used to handle transactions
[    0.359608] ACPI: Interpreter enabled
[    0.359639] ACPI: PM: (supports S0 S3 S4 S5)
[    0.359646] ACPI: Using IOAPIC for interrupt routing
[    0.361742] PCI: Using host bridge windows from ACPI; if necessary, use "pci=nocrs" and report a bug
[    0.361753] PCI: Ignoring E820 reservations for host bridge windows
[    0.362431] ACPI: Enabled 4 GPEs in block 00 to 1F
[    0.365737] ACPI: \_SB_.PCI0.GPP6.PXSX.WRST: New power resource
[    0.425130] ACPI: PCI Root Bridge [PCI0] (domain 0000 [bus 00-ff])
[    0.425147] acpi PNP0A08:00: _OSC: OS supports [ExtendedConfig ASPM ClockPM Segments MSI EDR HPX-Type3]
[    0.425380] acpi PNP0A08:00: _OSC: platform does not support [SHPCHotplug LTR DPC]
[    0.425785] acpi PNP0A08:00: _OSC: OS now controls [PCIeHotplug PME AER PCIeCapability]
[    0.425812] acpi PNP0A08:00: [Firmware Info]: ECAM [mem 0xf8000000-0xfbffffff] for domain 0000 [bus 00-3f] only partially covers this bridge
[    0.426467] PCI host bridge to bus 0000:00
[    0.426481] pci_bus 0000:00: root bus resource [io  0x0000-0x0cf7 window]
[    0.426492] pci_bus 0000:00: root bus resource [io  0x0d00-0xffff window]
[    0.426503] pci_bus 0000:00: root bus resource [mem 0x000a0000-0x000bffff window]
[    0.426515] pci_bus 0000:00: root bus resource [mem 0x000c0000-0x000cffff window]
[    0.426527] pci_bus 0000:00: root bus resource [mem 0x000d0000-0x000effff window]
[    0.426539] pci_bus 0000:00: root bus resource [mem 0xb0000000-0xf7ffffff window]
[    0.426550] pci_bus 0000:00: root bus resource [mem 0xfc000000-0xfed3ffff window]
[    0.426561] pci_bus 0000:00: root bus resource [bus 00-ff]
[    0.426592] pci 0000:00:00.0: [1022:15d0] type 00 class 0x060000 conventional PCI endpoint
[    0.426742] pci 0000:00:00.2: [1022:15d1] type 00 class 0x080600 conventional PCI endpoint
[    0.426886] pci 0000:00:01.0: [1022:1452] type 00 class 0x060000 conventional PCI endpoint
[    0.427025] pci 0000:00:01.2: [1022:15d3] type 01 class 0x060400 PCIe Root Port
[    0.427054] pci 0000:00:01.2: PCI bridge to [bus 01]
[    0.427067] pci 0000:00:01.2:   bridge window [mem 0xc0800000-0xc08fffff]
[    0.427091] pci 0000:00:01.2: enabling Extended Tags
[    0.427159] pci 0000:00:01.2: PME# supported from D0 D3hot D3cold
[    0.427433] pci 0000:00:01.7: [1022:15d3] type 01 class 0x060400 PCIe Root Port
[    0.427462] pci 0000:00:01.7: PCI bridge to [bus 02]
[    0.427475] pci 0000:00:01.7:   bridge window [io  0x2000-0x2fff]
[    0.427484] pci 0000:00:01.7:   bridge window [mem 0xc0700000-0xc07fffff]
[    0.427508] pci 0000:00:01.7: enabling Extended Tags
[    0.427575] pci 0000:00:01.7: PME# supported from D0 D3hot D3cold
[    0.427812] pci 0000:00:08.0: [1022:1452] type 00 class 0x060000 conventional PCI endpoint
[    0.427946] pci 0000:00:08.1: [1022:15db] type 01 class 0x060400 PCIe Root Port
[    0.427976] pci 0000:00:08.1: PCI bridge to [bus 03]
[    0.427987] pci 0000:00:08.1:   bridge window [io  0x1000-0x1fff]
[    0.427997] pci 0000:00:08.1:   bridge window [mem 0xc0300000-0xc06fffff]
[    0.428013] pci 0000:00:08.1:   bridge window [mem 0xb0000000-0xc01fffff 64bit pref]
[    0.428032] pci 0000:00:08.1: enabling Extended Tags
[    0.428090] pci 0000:00:08.1: PME# supported from D0 D3hot D3cold
[    0.428340] pci 0000:00:08.2: [1022:15dc] type 01 class 0x060400 PCIe Root Port
[    0.428371] pci 0000:00:08.2: PCI bridge to [bus 04]
[    0.428383] pci 0000:00:08.2:   bridge window [mem 0xc0200000-0xc02fffff]
[    0.428406] pci 0000:00:08.2: enabling Extended Tags
[    0.428468] pci 0000:00:08.2: PME# supported from D0 D3hot D3cold
[    0.428712] pci 0000:00:14.0: [1022:790b] type 00 class 0x0c0500 conventional PCI endpoint
[    0.428917] pci 0000:00:14.3: [1022:790e] type 00 class 0x060100 conventional PCI endpoint
[    0.429144] pci 0000:00:18.0: [1022:15e8] type 00 class 0x060000 conventional PCI endpoint
[    0.429229] pci 0000:00:18.1: [1022:15e9] type 00 class 0x060000 conventional PCI endpoint
[    0.429315] pci 0000:00:18.2: [1022:15ea] type 00 class 0x060000 conventional PCI endpoint
[    0.429395] pci 0000:00:18.3: [1022:15eb] type 00 class 0x060000 conventional PCI endpoint
[    0.429476] pci 0000:00:18.4: [1022:15ec] type 00 class 0x060000 conventional PCI endpoint
[    0.429558] pci 0000:00:18.5: [1022:15ed] type 00 class 0x060000 conventional PCI endpoint
[    0.429640] pci 0000:00:18.6: [1022:15ee] type 00 class 0x060000 conventional PCI endpoint
[    0.429721] pci 0000:00:18.7: [1022:15ef] type 00 class 0x060000 conventional PCI endpoint
[    0.429948] pci 0000:01:00.0: [1e95:9100] type 00 class 0x010802 PCIe Endpoint
[    0.430005] pci 0000:01:00.0: BAR 0 [mem 0xc0800000-0xc0803fff 64bit]
[    0.430412] pci 0000:00:01.2: PCI bridge to [bus 01]
[    0.430537] pci 0000:02:00.0: [10ec:c821] type 00 class 0x028000 PCIe Endpoint
[    0.430611] pci 0000:02:00.0: BAR 0 [io  0x2000-0x20ff]
[    0.430623] pci 0000:02:00.0: BAR 2 [mem 0xc0700000-0xc070ffff 64bit]
[    0.430757] pci 0000:02:00.0: supports D1 D2
[    0.430764] pci 0000:02:00.0: PME# supported from D0 D1 D2 D3hot D3cold
[    0.431125] pci 0000:00:01.7: PCI bridge to [bus 02]
[    0.431304] pci 0000:03:00.0: [1002:15d8] type 00 class 0x030000 PCIe Legacy Endpoint
[    0.431353] pci 0000:03:00.0: BAR 0 [mem 0xb0000000-0xbfffffff 64bit pref]
[    0.431363] pci 0000:03:00.0: BAR 2 [mem 0xc0000000-0xc01fffff 64bit pref]
[    0.431372] pci 0000:03:00.0: BAR 4 [io  0x1000-0x10ff]
[    0.431380] pci 0000:03:00.0: BAR 5 [mem 0xc0600000-0xc067ffff]
[    0.431395] pci 0000:03:00.0: enabling Extended Tags
[    0.431495] pci 0000:03:00.0: PME# supported from D1 D2 D3hot D3cold
[    0.431777] pci 0000:03:00.1: [1002:15de] type 00 class 0x040300 PCIe Legacy Endpoint
[    0.431824] pci 0000:03:00.1: BAR 0 [mem 0xc06c8000-0xc06cbfff]
[    0.431843] pci 0000:03:00.1: enabling Extended Tags
[    0.431903] pci 0000:03:00.1: PME# supported from D1 D2 D3hot D3cold
[    0.432027] pci 0000:03:00.2: [1022:15df] type 00 class 0x108000 PCIe Endpoint
[    0.432075] pci 0000:03:00.2: BAR 2 [mem 0xc0500000-0xc05fffff]
[    0.432085] pci 0000:03:00.2: BAR 5 [mem 0xc06cc000-0xc06cdfff]
[    0.432099] pci 0000:03:00.2: enabling Extended Tags
[    0.432330] pci 0000:03:00.3: [1022:15e0] type 00 class 0x0c0330 PCIe Endpoint
[    0.432377] pci 0000:03:00.3: BAR 0 [mem 0xc0400000-0xc04fffff 64bit]
[    0.432396] pci 0000:03:00.3: enabling Extended Tags
[    0.432460] pci 0000:03:00.3: PME# supported from D0 D3hot D3cold
[    0.432654] pci 0000:03:00.4: [1022:15e1] type 00 class 0x0c0330 PCIe Endpoint
[    0.432701] pci 0000:03:00.4: BAR 0 [mem 0xc0300000-0xc03fffff 64bit]
[    0.432719] pci 0000:03:00.4: enabling Extended Tags
[    0.432789] pci 0000:03:00.4: PME# supported from D0 D3hot D3cold
[    0.432972] pci 0000:03:00.5: [1022:15e2] type 00 class 0x048000 PCIe Endpoint
[    0.433018] pci 0000:03:00.5: BAR 0 [mem 0xc0680000-0xc06bffff]
[    0.433037] pci 0000:03:00.5: enabling Extended Tags
[    0.433097] pci 0000:03:00.5: PME# supported from D0 D3hot D3cold
[    0.433274] pci 0000:03:00.6: [1022:15e3] type 00 class 0x040300 PCIe Endpoint
[    0.433323] pci 0000:03:00.6: BAR 0 [mem 0xc06c0000-0xc06c7fff]
[    0.433342] pci 0000:03:00.6: enabling Extended Tags
[    0.433403] pci 0000:03:00.6: PME# supported from D0 D3hot D3cold
[    0.433630] pci 0000:00:08.1: PCI bridge to [bus 03]
[    0.433734] pci 0000:04:00.0: [1022:7901] type 00 class 0x010601 PCIe Endpoint
[    0.433785] pci 0000:04:00.0: BAR 5 [mem 0xc0200000-0xc02007ff]
[    0.433799] pci 0000:04:00.0: enabling Extended Tags
[    0.433876] pci 0000:04:00.0: PME# supported from D3hot D3cold
[    0.434112] pci 0000:00:08.2: PCI bridge to [bus 04]
[    0.475832] ACPI: PCI: Interrupt link LNKA configured for IRQ 0
[    0.475844] ACPI: PCI: Interrupt link LNKA disabled
[    0.476040] ACPI: PCI: Interrupt link LNKB configured for IRQ 0
[    0.476049] ACPI: PCI: Interrupt link LNKB disabled
[    0.476212] ACPI: PCI: Interrupt link LNKC configured for IRQ 0
[    0.476221] ACPI: PCI: Interrupt link LNKC disabled
[    0.476431] ACPI: PCI: Interrupt link LNKD configured for IRQ 0
[    0.476440] ACPI: PCI: Interrupt link LNKD disabled
[    0.476623] ACPI: PCI: Interrupt link LNKE configured for IRQ 0
[    0.476632] ACPI: PCI: Interrupt link LNKE disabled
[    0.476783] ACPI: PCI: Interrupt link LNKF configured for IRQ 0
[    0.476792] ACPI: PCI: Interrupt link LNKF disabled
[    0.476941] ACPI: PCI: Interrupt link LNKG configured for IRQ 0
[    0.476951] ACPI: PCI: Interrupt link LNKG disabled
[    0.477100] ACPI: PCI: Interrupt link LNKH configured for IRQ 0
[    0.477110] ACPI: PCI: Interrupt link LNKH disabled
[    0.479532] ACPI: EC: interrupt unblocked
[    0.479541] ACPI: EC: event unblocked
[    0.479559] ACPI: EC: EC_CMD/EC_SC=0x66, EC_DATA=0x62
[    0.479567] ACPI: EC: GPE=0x3
[    0.479574] ACPI: \_SB_.PCI0.LPC0.EC0_: Boot DSDT EC initialization complete
[    0.479585] ACPI: \_SB_.PCI0.LPC0.EC0_: EC: Used to handle transactions and events
[    0.479731] iommu: Default domain type: Translated
[    0.479731] iommu: DMA domain TLB invalidation policy: lazy mode
[    0.480467] SCSI subsystem initialized
[    0.480497] libata version 3.00 loaded.
[    0.480497] ACPI: bus type USB registered
[    0.480497] usbcore: registered new interface driver usbfs
[    0.480497] usbcore: registered new interface driver hub
[    0.480497] usbcore: registered new device driver usb
[    0.528747] pps_core: LinuxPPS API ver. 1 registered
[    0.528757] pps_core: Software ver. 5.3.6 - Copyright 2005-2007 Rodolfo Giometti <giometti@linux.it>
[    0.528773] PTP clock support registered
[    0.528819] EDAC MC: Ver: 3.0.0
[    0.529299] efivars: Registered efivars operations
[    0.529852] NetLabel: Initializing
[    0.529861] NetLabel:  domain hash size = 128
[    0.529869] NetLabel:  protocols = UNLABELED CIPSOv4 CALIPSO
[    0.529914] NetLabel:  unlabeled traffic allowed by default
[    0.530312] mctp: management component transport protocol core
[    0.530321] NET: Registered PF_MCTP protocol family
[    0.530347] PCI: Using ACPI for IRQ routing
[    0.532992] PCI: pci_cache_line_size set to 64 bytes
[    0.533125] e820: register RAM buffer resource [mem 0x00087000-0x0008ffff]
[    0.533137] e820: register RAM buffer resource [mem 0x09b00000-0x0bffffff]
[    0.533146] e820: register RAM buffer resource [mem 0x09f00000-0x0bffffff]
[    0.533156] e820: register RAM buffer resource [mem 0x8cf99000-0x8fffffff]
[    0.533166] e820: register RAM buffer resource [mem 0x9984e000-0x9bffffff]
[    0.533176] e820: register RAM buffer resource [mem 0xab3af000-0xabffffff]
[    0.533185] e820: register RAM buffer resource [mem 0xaf800000-0xafffffff]
[    0.533194] e820: register RAM buffer resource [mem 0x3cf000000-0x3cfffffff]
[    0.533321] pci 0000:03:00.0: vgaarb: setting as boot VGA device
[    0.533332] pci 0000:03:00.0: vgaarb: bridge control possible
[    0.533341] pci 0000:03:00.0: vgaarb: VGA device added: decodes=io+mem,owns=none,locks=none
[    0.533356] vgaarb: loaded
[    0.533387] hpet0: at MMIO 0xfed00000, IRQs 2, 8, 0
[    0.533405] hpet0: 3 comparators, 32-bit 14.318180 MHz counter
[    0.536361] clocksource: Switched to clocksource tsc-early
[    0.536735] VFS: Disk quotas dquot_6.6.0
[    0.536765] VFS: Dquot-cache hash table entries: 512 (order 0, 4096 bytes)
[    0.537078] AppArmor: AppArmor Filesystem Enabled
[    0.537332] acpi PNP0C02:00: Could not reserve [mem 0xfec00000-0xfec01fff]
[    0.537343] acpi PNP0C02:00: Reserved [mem 0xfee00000-0xfee00fff]
[    0.537352] acpi PNP0C02:00: Reserved [mem 0xfde00000-0xfdefffff]
[    0.537376] acpi PNP0C02:01: Skipped [io  0x0010-0x001f]
[    0.537384] acpi PNP0C02:01: Skipped [io  0x0072-0x0073]
[    0.537391] acpi PNP0C02:01: Skipped [io  0x0080]
[    0.537398] acpi PNP0C02:01: Skipped [io  0x00b0-0x00b1]
[    0.537405] acpi PNP0C02:01: Skipped [io  0x0092]
[    0.537413] acpi PNP0C02:01: Reserved [io  0x0400-0x04cf]
[    0.537421] acpi PNP0C02:01: Reserved [io  0x04d0-0x04d1]
[    0.537428] acpi PNP0C02:01: Reserved [io  0x04d6]
[    0.537436] acpi PNP0C02:01: Reserved [io  0x0c00-0x0c01]
[    0.537443] acpi PNP0C02:01: Reserved [io  0x0c14]
[    0.537450] acpi PNP0C02:01: Reserved [io  0x0c50-0x0c52]
[    0.537458] acpi PNP0C02:01: Reserved [io  0x0c6c]
[    0.537465] acpi PNP0C02:01: Reserved [io  0x0c6f]
[    0.537472] acpi PNP0C02:01: Reserved [io  0x0cd0-0x0cdb]
[    0.537555] acpi PNP0C01:00: Could not reserve [mem 0x000e0000-0x000fffff]
[    0.537564] acpi PNP0C01:00: Reserved [mem 0xff000000-0xffffffff]
[    0.537643] pnp: PnP ACPI init
[    0.581416] pnp: PnP ACPI: found 3 devices
[    0.589149] clocksource: acpi_pm: mask: 0xffffff max_cycles: 0xffffff, max_idle_ns: 2085701024 ns
[    0.589342] NET: Registered PF_INET protocol family
[    0.589676] IP idents hash table entries: 262144 (order: 9, 2097152 bytes, linear)
[    0.619291] tcp_listen_portaddr_hash hash table entries: 8192 (order: 5, 131072 bytes, linear)
[    0.619345] Table-perturb hash table entries: 65536 (order: 6, 262144 bytes, linear)
[    0.619472] TCP established hash table entries: 131072 (order: 8, 1048576 bytes, linear)
[    0.619799] TCP bind hash table entries: 65536 (order: 9, 2097152 bytes, linear)
[    0.619943] TCP: Hash tables configured (established 131072 bind 65536)
[    0.620122] MPTCP token hash table entries: 16384 (order: 7, 393216 bytes, linear)
[    0.620241] UDP hash table entries: 8192 (order: 7, 524288 bytes, linear)
[    0.620362] UDP-Lite hash table entries: 8192 (order: 7, 524288 bytes, linear)
[    0.620517] NET: Registered PF_UNIX/PF_LOCAL protocol family
[    0.620539] NET: Registered PF_XDP protocol family
[    0.620573] pci 0000:00:01.2: PCI bridge to [bus 01]
[    0.620586] pci 0000:00:01.2:   bridge window [mem 0xc0800000-0xc08fffff]
[    0.620601] pci 0000:00:01.7: PCI bridge to [bus 02]
[    0.620609] pci 0000:00:01.7:   bridge window [io  0x2000-0x2fff]
[    0.620619] pci 0000:00:01.7:   bridge window [mem 0xc0700000-0xc07fffff]
[    0.620637] pci 0000:00:08.1: PCI bridge to [bus 03]
[    0.620649] pci 0000:00:08.1:   bridge window [io  0x1000-0x1fff]
[    0.620659] pci 0000:00:08.1:   bridge window [mem 0xc0300000-0xc06fffff]
[    0.620668] pci 0000:00:08.1:   bridge window [mem 0xb0000000-0xc01fffff 64bit pref]
[    0.620681] pci 0000:00:08.2: PCI bridge to [bus 04]
[    0.620690] pci 0000:00:08.2:   bridge window [mem 0xc0200000-0xc02fffff]
[    0.620707] pci_bus 0000:00: resource 4 [io  0x0000-0x0cf7 window]
[    0.620715] pci_bus 0000:00: resource 5 [io  0x0d00-0xffff window]
[    0.620723] pci_bus 0000:00: resource 6 [mem 0x000a0000-0x000bffff window]
[    0.620731] pci_bus 0000:00: resource 7 [mem 0x000c0000-0x000cffff window]
[    0.620739] pci_bus 0000:00: resource 8 [mem 0x000d0000-0x000effff window]
[    0.620747] pci_bus 0000:00: resource 9 [mem 0xb0000000-0xf7ffffff window]
[    0.620755] pci_bus 0000:00: resource 10 [mem 0xfc000000-0xfed3ffff window]
[    0.620764] pci_bus 0000:01: resource 1 [mem 0xc0800000-0xc08fffff]
[    0.620772] pci_bus 0000:02: resource 0 [io  0x2000-0x2fff]
[    0.620779] pci_bus 0000:02: resource 1 [mem 0xc0700000-0xc07fffff]
[    0.620787] pci_bus 0000:03: resource 0 [io  0x1000-0x1fff]
[    0.620794] pci_bus 0000:03: resource 1 [mem 0xc0300000-0xc06fffff]
[    0.620802] pci_bus 0000:03: resource 2 [mem 0xb0000000-0xc01fffff 64bit pref]
[    0.620817] pci_bus 0000:04: resource 1 [mem 0xc0200000-0xc02fffff]
[    0.621098] pci 0000:03:00.1: D0 power state depends on 0000:03:00.0
[    0.621120] pci 0000:03:00.3: extending delay after power-on from D3hot to 20 msec
[    0.648843] pci 0000:03:00.3: quirk_usb_early_handoff+0x0/0x180 took 27062 usecs
[    0.648868] pci 0000:03:00.4: extending delay after power-on from D3hot to 20 msec
[    0.723721] pci 0000:03:00.4: quirk_usb_early_handoff+0x0/0x180 took 73087 usecs
[    0.723751] PCI: CLS 64 bytes, default 64
[    0.723785] pci 0000:00:00.2: AMD-Vi: IOMMU performance counters supported
[    0.723854] Trying to unpack rootfs image as initramfs...
[    0.723982] pci 0000:00:01.0: Adding to iommu group 0
[    0.724016] pci 0000:00:01.2: Adding to iommu group 1
[    0.724048] pci 0000:00:01.7: Adding to iommu group 2
[    0.724110] pci 0000:00:08.0: Adding to iommu group 3
[    0.724145] pci 0000:00:08.1: Adding to iommu group 4
[    0.724178] pci 0000:00:08.2: Adding to iommu group 5
[    0.724233] pci 0000:00:14.0: Adding to iommu group 6
[    0.724263] pci 0000:00:14.3: Adding to iommu group 6
[    0.724373] pci 0000:00:18.0: Adding to iommu group 7
[    0.724403] pci 0000:00:18.1: Adding to iommu group 7
[    0.724432] pci 0000:00:18.2: Adding to iommu group 7
[    0.724461] pci 0000:00:18.3: Adding to iommu group 7
[    0.724491] pci 0000:00:18.4: Adding to iommu group 7
[    0.724520] pci 0000:00:18.5: Adding to iommu group 7
[    0.724550] pci 0000:00:18.6: Adding to iommu group 7
[    0.724580] pci 0000:00:18.7: Adding to iommu group 7
[    0.724613] pci 0000:01:00.0: Adding to iommu group 8
[    0.724645] pci 0000:02:00.0: Adding to iommu group 9
[    0.724694] pci 0000:03:00.0: Adding to iommu group 10
[    0.724789] pci 0000:03:00.1: Adding to iommu group 11
[    0.724834] pci 0000:03:00.2: Adding to iommu group 11
[    0.724872] pci 0000:03:00.3: Adding to iommu group 11
[    0.724911] pci 0000:03:00.4: Adding to iommu group 11
[    0.724950] pci 0000:03:00.5: Adding to iommu group 11
[    0.724989] pci 0000:03:00.6: Adding to iommu group 11
[    0.725022] pci 0000:04:00.0: Adding to iommu group 12
[    0.727126] AMD-Vi: Extended features (0x4f77ef22294ada, 0x0): PPR NX GT IA GA PC GA_vAPIC
[    0.727165] AMD-Vi: Interrupt remapping enabled
[    0.727415] AMD-Vi: Virtual APIC enabled
[    0.727434] PCI-DMA: Using software bounce buffering for IO (SWIOTLB)
[    0.727444] software IO TLB: mapped [mem 0x00000000a678a000-0x00000000aa78a000] (64MB)
[    0.727567] perf/amd_iommu: Detected AMD IOMMU #0 (2 banks, 4 counters/bank).
[    0.729078] Initialise system trusted keyrings
[    0.729114] Key type blacklist registered
[    0.729192] workingset: timestamp_bits=36 max_order=22 bucket_order=0
[    0.729958] squashfs: version 4.0 (2009/01/31) Phillip Lougher
[    0.730192] fuse: init (API version 7.45)
[    0.730470] integrity: Platform Keyring initialized
[    0.730485] integrity: Machine keyring initialized
[    0.749017] Key type asymmetric registered
[    0.749027] Asymmetric key parser 'x509' registered
[    0.749091] Block layer SCSI generic (bsg) driver version 0.4 loaded (major 242)
[    0.749224] io scheduler mq-deadline registered
[    0.754078] ledtrig-cpu: registered to indicate activity on CPUs
[    0.754332] pcieport 0000:00:01.2: PME: Signaling with IRQ 26
[    0.754483] pcieport 0000:00:01.2: AER: enabled with IRQ 26
[    0.754788] pcieport 0000:00:01.7: PME: Signaling with IRQ 27
[    0.754931] pcieport 0000:00:01.7: AER: enabled with IRQ 27
[    0.755224] pcieport 0000:00:08.1: PME: Signaling with IRQ 28
[    0.755652] pcieport 0000:00:08.2: PME: Signaling with IRQ 29
[    0.755775] pcieport 0000:00:08.2: AER: enabled with IRQ 29
[    0.758547] ACPI: AC: AC Adapter [ACAD] (off-line)
[    0.758697] input: Power Button as /devices/platform/PNP0C0C:00/input/input0
[    0.758753] ACPI: button: Power Button [PWRB]
[    0.758849] input: Lid Switch as /devices/platform/PNP0C0D:00/input/input1
[    0.758891] ACPI: button: Lid Switch [LID]
[    0.758957] input: Power Button as /devices/platform/LNXPWRBN:00/input/input2
[    0.759011] ACPI: button: Power Button [PWRF]
[    0.759073] Monitor-Mwait will be used to enter C-1 state
[    0.765898] Could not retrieve perf counters (-19)
[    0.767007] Serial: 8250/16550 driver, 32 ports, IRQ sharing enabled
[    0.774234] Linux agpgart interface v0.103
[    0.780871] tpm_crb MSFT0101:00: Disabling hwrng
[    0.789141] loop: module loaded
[    0.790055] ACPI: bus type drm_connector registered
[    0.791054] tun: Universal TUN/TAP device driver, 1.6
[    0.791288] PPP generic driver version 2.4.2
[    0.792026] xhci_hcd 0000:03:00.3: xHCI Host Controller
[    0.792052] xhci_hcd 0000:03:00.3: new USB bus registered, assigned bus number 1
[    0.792365] xhci_hcd 0000:03:00.3: hcc params 0x0270ffe5 hci version 0x110 quirks 0x0004000840000010
[    0.793319] xhci_hcd 0000:03:00.3: xHCI Host Controller
[    0.793338] xhci_hcd 0000:03:00.3: new USB bus registered, assigned bus number 2
[    0.793356] xhci_hcd 0000:03:00.3: Host supports USB 3.1 Enhanced SuperSpeed
[    0.793587] usb usb1: New USB device found, idVendor=1d6b, idProduct=0002, bcdDevice= 7.00
[    0.793603] usb usb1: New USB device strings: Mfr=3, Product=2, SerialNumber=1
[    0.793616] usb usb1: Product: xHCI Host Controller
[    0.793626] usb usb1: Manufacturer: Linux 7.0.0-14-generic xhci-hcd
[    0.793638] usb usb1: SerialNumber: 0000:03:00.3
[    0.794216] hub 1-0:1.0: USB hub found
[    0.794255] hub 1-0:1.0: 4 ports detected
[    0.796506] usb usb2: We don't know the algorithms for LPM for this host, disabling LPM.
[    0.796606] usb usb2: New USB device found, idVendor=1d6b, idProduct=0003, bcdDevice= 7.00
[    0.796622] usb usb2: New USB device strings: Mfr=3, Product=2, SerialNumber=1
[    0.796636] usb usb2: Product: xHCI Host Controller
[    0.796647] usb usb2: Manufacturer: Linux 7.0.0-14-generic xhci-hcd
[    0.796658] usb usb2: SerialNumber: 0000:03:00.3
[    0.797055] hub 2-0:1.0: USB hub found
[    0.797086] hub 2-0:1.0: 4 ports detected
[    0.799630] xhci_hcd 0000:03:00.4: xHCI Host Controller
[    0.799656] xhci_hcd 0000:03:00.4: new USB bus registered, assigned bus number 3
[    0.799909] xhci_hcd 0000:03:00.4: hcc params 0x0260ffe5 hci version 0x110 quirks 0x0004000840000010
[    0.800591] xhci_hcd 0000:03:00.4: xHCI Host Controller
[    0.800604] xhci_hcd 0000:03:00.4: new USB bus registered, assigned bus number 4
[    0.800617] xhci_hcd 0000:03:00.4: Host supports USB 3.1 Enhanced SuperSpeed
[    0.800772] usb usb3: New USB device found, idVendor=1d6b, idProduct=0002, bcdDevice= 7.00
[    0.800786] usb usb3: New USB device strings: Mfr=3, Product=2, SerialNumber=1
[    0.800797] usb usb3: Product: xHCI Host Controller
[    0.800805] usb usb3: Manufacturer: Linux 7.0.0-14-generic xhci-hcd
[    0.800820] usb usb3: SerialNumber: 0000:03:00.4
[    0.801127] hub 3-0:1.0: USB hub found
[    0.801156] hub 3-0:1.0: 2 ports detected
[    0.802398] usb usb4: We don't know the algorithms for LPM for this host, disabling LPM.
[    0.802486] usb usb4: New USB device found, idVendor=1d6b, idProduct=0003, bcdDevice= 7.00
[    0.802501] usb usb4: New USB device strings: Mfr=3, Product=2, SerialNumber=1
[    0.802513] usb usb4: Product: xHCI Host Controller
[    0.802523] usb usb4: Manufacturer: Linux 7.0.0-14-generic xhci-hcd
[    0.802534] usb usb4: SerialNumber: 0000:03:00.4
[    0.802858] hub 4-0:1.0: USB hub found
[    0.802884] hub 4-0:1.0: 1 port detected
[    0.803574] i8042: PNP: PS/2 Controller [PNP0303:KBC0,PNP0f13:PS2M] at 0x60,0x64 irq 1,12
[    0.811962] ACPI: battery: Slot [BAT1] (battery present)
[    0.814208] serio: i8042 KBD port at 0x60,0x64 irq 1
[    0.814251] serio: i8042 AUX port at 0x60,0x64 irq 12
[    0.814642] mousedev: PS/2 mouse device common for all mice
[    0.815101] rtc_cmos 00:00: RTC can wake from S4
[    0.815616] rtc_cmos 00:00: registered as rtc0
[    0.815668] rtc_cmos 00:00: setting system clock to 2026-05-21T02:52:04 UTC (1779331924)
[    0.815760] rtc_cmos 00:00: alarms up to one month, 114 bytes nvram
[    0.815795] i2c_dev: i2c /dev entries driver
[    0.816063] device-mapper: core: CONFIG_IMA_DISABLE_HTABLE is disabled. Duplicate IMA measurements will not be recorded in the IMA log.
[    0.816162] device-mapper: uevent: version 1.0.3
[    0.816299] device-mapper: ioctl: 4.50.0-ioctl (2025-04-28) initialised: dm-devel@lists.linux.dev
[    0.816850] simple-framebuffer simple-framebuffer.0: [drm] Registered 1 planes with drm panic
[    0.816897] [drm] Initialized simpledrm 1.0.0 for simple-framebuffer.0 on minor 0
[    0.822671] Console: switching to colour frame buffer device 170x48
[    0.825976] input: AT Translated Set 2 keyboard as /devices/platform/i8042/serio0/input/input3
[    0.828512] simple-framebuffer simple-framebuffer.0: [drm] fb0: simpledrmdrmfb frame buffer device
[    0.829077] drop_monitor: Initializing network drop monitor service
[    0.829559] NET: Registered PF_INET6 protocol family
[    0.830466] Segment Routing with IPv6
[    0.830513] In-situ OAM (IOAM) with IPv6
[    0.830573] NET: Registered PF_PACKET protocol family
[    0.830730] Key type dns_resolver registered
[    0.833697] x86/amd: Previous system reset reason [0x00200800]: ACPI power state transition occurred
[    0.833777] microcode: Current revision: 0x0810810d
[    0.834523] IPI shorthand broadcast: enabled
[    0.840434] sched_clock: Marking stable (838149911, 1792498)->(857113875, -17171466)
[    0.841222] registered taskstats version 1
[    0.844064] Loading compiled-in X.509 certificates
[    0.845474] Loaded X.509 cert 'Build time autogenerated kernel key: 9f2447cfa7c28d59d120e61c9760dd35ebc0ec03'
[    0.846366] Loaded X.509 cert 'Canonical Ltd. Live Patch Signing 2025 Kmod: d541cef61dc7e793b7eb7e899970a2eef0b5dc8c'
[    0.847126] Loaded X.509 cert 'Canonical Ltd. Live Patch Signing: 14df34d1a87cf37625abec039ef2bf521249b969'
[    0.847806] Loaded X.509 cert 'Canonical Ltd. Kernel Module Signing 2025 Kmod: 4627603d2357a2a3f81006370894c221175893e9'
[    0.848713] Loaded X.509 cert 'Canonical Ltd. Kernel Module Signing: 88f752e560a1e0737e31163a466ad7b70a850c19'
[    0.848748] blacklist: Loading compiled-in revocation X.509 certificates
[    0.848807] Loaded X.509 cert 'Canonical Ltd. Secure Boot Signing: 61482aa2830d0ab2ad5af10b7250da9033ddcef0'
[    0.848866] Loaded X.509 cert 'Canonical Ltd. Secure Boot Signing (2017): 242ade75ac4a15e50d50c84b0d45ff3eae707a03'
[    0.848928] Loaded X.509 cert 'Canonical Ltd. Secure Boot Signing (ESM 2018): 365188c1d374d6b07c3c8f240f8ef722433d6a8b'
[    0.850280] Loaded X.509 cert 'Canonical Ltd. Secure Boot Signing (2019): c0746fd6c5da3ae827864651ad66ae47fe24b3e8'
[    0.851557] Loaded X.509 cert 'Canonical Ltd. Secure Boot Signing (2021 v1): a8d54bbb3825cfb94fa13c9f8a594a195c107b8d'
[    0.852694] Loaded X.509 cert 'Canonical Ltd. Secure Boot Signing (2021 v2): 4cf046892d6fd3c9a5b03f98d845f90851dc6a8c'
[    0.853986] Loaded X.509 cert 'Canonical Ltd. Secure Boot Signing (2021 v3): 100437bb6de6e469b581e61cd66bce3ef4ed53af'
[    0.855110] Loaded X.509 cert 'Canonical Ltd. Secure Boot Signing (Ubuntu Core 2019): c1d57b8f6b743f23ee41f4f7ee292f06eecadfb9'
[    0.870143] Demotion targets for Node 0: null
[    0.871365] Key type .fscrypt registered
[    0.872090] Key type fscrypt-provisioning registered
[    0.872909] Key type big_key registered
[    0.873511] Key type trusted registered
[    0.983044] Freeing initrd memory: 59028K
[    1.024470] Key type encrypted registered
[    1.026985] AppArmor: AppArmor sha256 policy hashing enabled
[    1.028264] Loading compiled-in module X.509 certificates
[    1.030630] Loaded X.509 cert 'Build time autogenerated kernel key: 9f2447cfa7c28d59d120e61c9760dd35ebc0ec03'
[    1.031816] ima: Allocated hash algorithm: sha256
[    1.033506] usb 1-2: new high-speed USB device number 2 using xhci_hcd
[    1.039486] usb 3-1: new high-speed USB device number 2 using xhci_hcd
[    1.044965] ima: No architecture policies found
[    1.045733] evm: Initialising EVM extended attributes:
[    1.046258] evm: security.selinux
[    1.046678] evm: security.SMACK64
[    1.047082] evm: security.SMACK64EXEC
[    1.047587] evm: security.SMACK64TRANSMUTE
[    1.048023] evm: security.SMACK64MMAP
[    1.048430] evm: security.apparmor
[    1.048830] evm: security.ima
[    1.050853] evm: security.capability
[    1.051965] evm: HMAC attrs: 0x1
[    1.053642] integrity: Loading X.509 certificate: UEFI:db
[    1.054892] integrity: Loaded X.509 cert 'Microsoft Windows Production PCA 2011: a92902398e16c49778cd90f99e4f9ae17c55af53'
[    1.055699] integrity: Loading X.509 certificate: UEFI:db
[    1.056742] integrity: Loaded X.509 cert 'Microsoft Corporation UEFI CA 2011: 13adbf4309bd82709c8cd54f316ed522988a1bd4'
[    1.057522] integrity: Loading X.509 certificate: UEFI:db
[    1.059251] integrity: Loaded X.509 cert 'CompalA31CSMB: 1e3b690555de0b9542b280303282c6d6'
[    1.064977] PM:   Magic number: 10:121:865
[    1.065789]  memory_tiering: hash matches
[    1.067528] acpi_cpufreq: overriding BIOS provided _PSD data
[    1.070604] RAS: Correctable Errors collector initialized.
[    1.072677] clk: Disabling unused clocks
[    1.073686] PM: genpd: Disabling unused power domains
[    1.078598] Freeing unused decrypted memory: 2028K
[    1.083419] Freeing unused kernel image (initmem) memory: 5292K
[    1.085163] Write protecting the kernel read-only data: 43008k
[    1.087090] Freeing unused kernel image (text/rodata gap) memory: 804K
[    1.088380] Freeing unused kernel image (rodata/data gap) memory: 1684K
[    1.159218] usb 1-2: New USB device found, idVendor=1a40, idProduct=0101, bcdDevice= 1.11
[    1.160044] usb 1-2: New USB device strings: Mfr=0, Product=1, SerialNumber=0
[    1.160649] usb 1-2: Product: USB 2.0 Hub
[    1.167532] x86/mm: Checked W+X mappings: passed, no W+X pages found.
[    1.168732] usb 3-1: New USB device found, idVendor=0bda, idProduct=8153, bcdDevice=30.00
[    1.169539] usb 3-1: New USB device strings: Mfr=1, Product=2, SerialNumber=6
[    1.170077] Run /init as init process
[    1.170316] usb 3-1: Product: USB 10/100/1000 LAN
[    1.170754]   with arguments:
[    1.170758]     /init
[    1.170760]   with environment:
[    1.171376] usb 3-1: Manufacturer: Realtek
[    1.171383] usb 3-1: SerialNumber: 000001
[    1.171912]     HOME=/
[    1.171915]     TERM=linux
[    1.185570] systemd[1]: Inserted module 'autofs4'
[    1.210221] hub 1-2:1.0: USB hub found
[    1.213540] hub 1-2:1.0: 4 ports detected
[    1.227363] systemd[1]: Successfully made /usr/ read-only.
[    1.230040] systemd[1]: systemd 259.5-0ubuntu3 running in system mode (+PAM +AUDIT +SELINUX +APPARMOR +IMA +IPE +SMACK +SECCOMP +GCRYPT -GNUTLS +OPENSSL +ACL +BLKID +CURL +ELFUTILS +FIDO2 +IDN2 -IDN +KMOD +LIBCRYPTSETUP +LIBCRYPTSETUP_PLUGINS +LIBFDISK +PCRE2 +PWQUALITY +P11KIT +QRENCODE +TPM2 +BZIP2 +LZ4 +XZ +ZLIB +ZSTD +BPF_FRAMEWORK +BTF -XKBCOMMON -UTMP +SYSVINIT +LIBARCHIVE)
[    1.232849] systemd[1]: Detected architecture x86-64.
[    1.233767] systemd[1]: Running in initrd.
[    1.236641] systemd[1]: Hostname set to <localhost.localdomain>.
[    1.353855] usb 3-2: new high-speed USB device number 3 using xhci_hcd
[    1.374355] systemd[1]: bpf-restrict-fs: BPF LSM hook not enabled in the kernel, BPF LSM not supported.
[    1.486918] systemd[1]: Queued start job for default target initrd.target.
[    1.504566] usb 3-2: New USB device found, idVendor=0c45, idProduct=6d1a, bcdDevice= 0.26
[    1.505657] usb 3-2: New USB device strings: Mfr=2, Product=1, SerialNumber=0
[    1.506597] usb 3-2: Product: Integrated_Webcam_HD
[    1.507443] usb 3-2: Manufacturer: Sonix Technology Co., Ltd.
[    1.524866] usb 1-2.4: new full-speed USB device number 3 using xhci_hcd
[    1.636819] tsc: Refined TSC clocksource calibration: 2099.998 MHz
[    1.637582] clocksource: tsc: mask: 0xffffffffffffffff max_cycles: 0x1e452ea631d, max_idle_ns: 440795244572 ns
[    1.638243] clocksource: Switched to clocksource tsc
[    1.656447] systemd[1]: Started systemd-ask-password-console.path - Dispatch Password Requests to Console Directory Watch.
[    1.658882] systemd[1]: Expecting device dev-disk-by\x2duuid-3271\x2dF06B.device - /dev/disk/by-uuid/3271-F06B...
[    1.662340] systemd[1]: Expecting device dev-disk-by\x2duuid-6f429c86\x2d0bce\x2d47e5\x2d854d\x2d7b52465d8888.device - /dev/disk/by-uuid/6f429c86-0bce-47e5-854d-7b52465d8888...
[    1.666073] systemd[1]: Reached target initrd-usr-fs.target - Initrd /usr File System.
[    1.668741] systemd[1]: Reached target paths.target - Path Units.
[    1.671321] systemd[1]: Reached target slices.target - Slice Units.
[    1.674009] systemd[1]: Reached target swap.target - Swaps.
[    1.676696] systemd[1]: Reached target timers.target - Timer Units.
[    1.679475] systemd[1]: Listening on systemd-journald-dev-log.socket - Journal Socket (/dev/log).
[    1.682250] systemd[1]: Listening on systemd-journald.socket - Journal Sockets.
[    1.685346] systemd[1]: Listening on systemd-networkd-resolve-hook.socket - Network Management Resolve Hook Socket.
[    1.688231] systemd[1]: Listening on systemd-networkd.socket - Network Management Netlink Socket.
[    1.691365] systemd[1]: Listening on systemd-udevd-control.socket - udev Control Socket.
[    1.694208] systemd[1]: Listening on systemd-udevd-kernel.socket - udev Kernel Socket.
[    1.696961] systemd[1]: Reached target sockets.target - Socket Units.
[    1.712178] systemd[1]: Starting dracut-cmdline-ask.service - dracut ask for additional cmdline parameters...
[    1.735334] systemd[1]: Starting kmod-static-nodes.service - Create List of Static Device Nodes...
[    1.741448] usb 1-2.4: New USB device found, idVendor=0bda, idProduct=c829, bcdDevice= 1.10
[    1.743327] usb 1-2.4: New USB device strings: Mfr=1, Product=2, SerialNumber=3
[    1.744890] usb 1-2.4: Product: Bluetooth Radio 
[    1.745849] systemd[1]: Starting systemd-battery-check.service - Early Battery Level Check...
[    1.746500] usb 1-2.4: Manufacturer: Realtek 
[    1.749598] usb 1-2.4: SerialNumber: 00e04c000001
[    1.762941] systemd[1]: Starting systemd-journald.service - Journal Service...
[    1.778177] systemd[1]: Starting systemd-modules-load.service - Load Kernel Modules...
[    1.786310] systemd[1]: Starting systemd-network-generator.service - Generate Network Units from Kernel Command Line...
[    1.790371] systemd[1]: systemd-pcrphase-initrd.service - TPM PCR Barrier (initrd) skipped, unmet condition check ConditionSecurity=measured-uki
[    1.799890] systemd-journald[225]: Collecting audit messages is disabled.
[    1.805492] systemd[1]: Finished dracut-cmdline-ask.service - dracut ask for additional cmdline parameters.
[    1.815721] systemd[1]: Finished kmod-static-nodes.service - Create List of Static Device Nodes.
[    1.823504] systemd[1]: Finished systemd-battery-check.service - Early Battery Level Check.
[    1.832121] systemd[1]: Finished systemd-modules-load.service - Load Kernel Modules.
[    1.838696] systemd[1]: Finished systemd-network-generator.service - Generate Network Units from Kernel Command Line.
[    1.842288] systemd[1]: Reached target network-pre.target - Preparation for Network.
[    1.850590] systemd[1]: Starting dracut-cmdline.service - dracut cmdline hook...
[    1.864210] systemd[1]: Starting systemd-sysctl.service - Apply Kernel Variables...
[    1.886235] systemd[1]: Starting systemd-tmpfiles-setup-dev-early.service - Create Static Device Nodes in /dev gracefully...
[    1.902293] systemd[1]: Started systemd-journald.service - Journal Service.
[    2.694952] hid: raw HID events driver (C) Jiri Kosina
[    2.719742] wmi_bus wmi_bus-PNP0C14:00: [Firmware Bug]: WQBC data block query control method not found
[    2.743467] ccp 0000:03:00.2: ccp enabled
[    2.744734] ccp 0000:03:00.2: tee enabled
[    2.745026] ccp 0000:03:00.2: psp enabled
[    2.867760] Key type psk registered
[    2.872873] input: DELL0AB4:00 27C6:0D43 Mouse as /devices/platform/AMDI0010:01/i2c-0/i2c-DELL0AB4:00/0018:27C6:0D43.0001/input/input6
[    2.873262] input: DELL0AB4:00 27C6:0D43 Touchpad as /devices/platform/AMDI0010:01/i2c-0/i2c-DELL0AB4:00/0018:27C6:0D43.0001/input/input7
[    2.873636] hid-generic 0018:27C6:0D43.0001: input,hidraw0: I2C HID v1.00 Mouse [DELL0AB4:00 27C6:0D43] on i2c-DELL0AB4:00
[    2.882098] ahci 0000:04:00.0: AHCI vers 0001.0301, 32 command slots, 6 Gbps, SATA mode
[    2.882120] ahci 0000:04:00.0: 1/1 ports implemented (port mask 0x1)
[    2.882130] ahci 0000:04:00.0: flags: 64bit ncq sntf ilck pm led clo only pmp fbs pio slum part 
[    2.883219] scsi host0: ahci
[    2.883777] ata1: SATA max UDMA/133 abar m2048@0xc0200000 port 0xc0200100 irq 52 lpm-pol 3
[    2.934789] input: DELL0AB4:00 27C6:0D43 Mouse as /devices/platform/AMDI0010:01/i2c-0/i2c-DELL0AB4:00/0018:27C6:0D43.0001/input/input9
[    2.935043] input: DELL0AB4:00 27C6:0D43 Touchpad as /devices/platform/AMDI0010:01/i2c-0/i2c-DELL0AB4:00/0018:27C6:0D43.0001/input/input10
[    2.935235] hid-multitouch 0018:27C6:0D43.0001: input,hidraw0: I2C HID v1.00 Mouse [DELL0AB4:00 27C6:0D43] on i2c-DELL0AB4:00
[    3.357381] ata1: SATA link up 6.0 Gbps (SStatus 133 SControl 300)
[    3.359826] ata1.00: ATA-10: TOSHIBA HDWL110, JU000A, max UDMA/100
[    3.360657] ata1.00: 1953525168 sectors, multi 16: LBA48 NCQ (depth 32), AA
[    3.361508] ata1.00: Features: HIPM DIPM
[    3.365611] ata1.00: configured for UDMA/100
[    3.367654] scsi 0:0:0:0: Direct-Access     ATA      TOSHIBA HDWL110  0A   PQ: 0 ANSI: 5
[    3.368758] sd 0:0:0:0: Attached scsi generic sg0 type 0
[    3.368762] sd 0:0:0:0: [sda] Drive-managed SMR disk
[    3.368777] sd 0:0:0:0: [sda] 1953525168 512-byte logical blocks: (1.00 TB/932 GiB)
[    3.368788] sd 0:0:0:0: [sda] 4096-byte physical blocks
[    3.368842] sd 0:0:0:0: [sda] Write Protect is off
[    3.368853] sd 0:0:0:0: [sda] Mode Sense: 00 3a 00 00
[    3.368903] sd 0:0:0:0: [sda] Write cache: enabled, read cache: enabled, doesn't support DPO or FUA
[    3.369001] sd 0:0:0:0: [sda] Preferred minimum I/O size 4096 bytes
[    3.448884]  sda: sda1 sda2
[    3.449354] sd 0:0:0:0: [sda] Attached SCSI disk
[    3.457594] ACPI: video: Video Device [VGA] (multi-head: yes  rom: no  post: no)
[    3.458351] input: Video Bus as /devices/pci0000:00/0000:00:08.1/acpi.video_bus.0/input/input12
[    3.459271] nvme nvme0: pci function 0000:01:00.0
[    3.555746] nvme nvme0: allocated 64 MiB host memory buffer (1 segment).
[    3.571317] nvme nvme0: 8/0/0 default/read/poll queues
[    3.580307]  nvme0n1: p1 p2
[    3.812656] input: PS/2 Generic Mouse as /devices/platform/i8042/serio1/input/input5
[    4.040132] EXT4-fs (nvme0n1p2): orphan cleanup on readonly fs
[    4.041151] EXT4-fs (nvme0n1p2): mounted filesystem 6f429c86-0bce-47e5-854d-7b52465d8888 ro with ordered data mode. Quota mode: none.
[    5.298940] systemd-journald[225]: Received SIGTERM from PID 1 (systemd).
[    5.395194] systemd[1]: systemd 259.5-0ubuntu3 running in system mode (+PAM +AUDIT +SELINUX +APPARMOR +IMA +IPE +SMACK +SECCOMP +GCRYPT -GNUTLS +OPENSSL +ACL +BLKID +CURL +ELFUTILS +FIDO2 +IDN2 -IDN +KMOD +LIBCRYPTSETUP +LIBCRYPTSETUP_PLUGINS +LIBFDISK +PCRE2 +PWQUALITY +P11KIT +QRENCODE +TPM2 +BZIP2 +LZ4 +XZ +ZLIB +ZSTD +BPF_FRAMEWORK +BTF -XKBCOMMON -UTMP +SYSVINIT +LIBARCHIVE)
[    5.395211] systemd[1]: Detected architecture x86-64.
[    5.404198] systemd[1]: Hostname set to <gvfokinserver>.
[    5.562505] systemd[1]: bpf-restrict-fs: BPF LSM hook not enabled in the kernel, BPF LSM not supported.
[    5.634789] (generato[746]: /usr/lib/systemd/system-generators/netplan failed with exit status 1.
[    5.764648] systemd[1]: /usr/lib/systemd/system/xfs_scrub_all.service:26: Support for option CPUAccounting= has been removed and it is ignored
[    5.765493] systemd[1]: /usr/lib/systemd/system/system-xfs_scrub.slice:15: Support for option CPUAccounting= has been removed and it is ignored
[    5.930331] systemd[1]: initrd-switch-root.service: Deactivated successfully.
[    5.930677] systemd[1]: Stopped initrd-switch-root.service - Switch Root.
[    5.935069] systemd[1]: systemd-journald.service: Scheduled restart job, restart counter is at 1.
[    5.936475] systemd[1]: Created slice system-systemd\x2dfsck.slice - Slice /system/systemd-fsck.
[    5.940307] systemd[1]: Created slice system-xfs_scrub.slice - xfs_scrub background service slice.
[    5.942904] systemd[1]: Created slice user.slice - User and Session Slice.
[    5.944510] systemd[1]: Started systemd-ask-password-wall.path - Forward Password Requests to Wall Directory Watch.
[    5.946649] systemd[1]: Set up automount proc-sys-fs-binfmt_misc.automount - Arbitrary Executable File Formats File System Automount Point.
[    5.948081] systemd[1]: Expecting device dev-disk-by\x2duuid-3271\x2dF06B.device - /dev/disk/by-uuid/3271-F06B...
[    5.949507] systemd[1]: Reached target imports.target - Image Downloads.
[    5.950727] systemd[1]: Stopped target initrd-switch-root.target - Switch Root.
[    5.952006] systemd[1]: Stopped target initrd-fs.target - Initrd File Systems.
[    5.953290] systemd[1]: Stopped target initrd-root-fs.target - Initrd Root File System.
[    5.954380] systemd[1]: Reached target integritysetup.target - Local Integrity Protected Volumes.
[    5.955844] systemd[1]: Reached target slices.target - Slice Units.
[    5.957091] systemd[1]: Reached target snapd.mounts-pre.target - Mounting snaps.
[    5.958217] systemd[1]: Reached target snapd.mounts.target - Mounted snaps.
[    5.959675] systemd[1]: Reached target time-set.target - System Time Set.
[    5.961028] systemd[1]: Reached target veritysetup.target - Local Verity Protected Volumes.
[    5.962544] systemd[1]: Listening on dm-event.socket - Device-mapper event daemon FIFOs.
[    5.964314] systemd[1]: Listening on lvm2-lvmpolld.socket - LVM2 poll daemon socket.
[    5.965937] systemd[1]: Listening on syslog.socket - Syslog Socket.
[    5.968646] systemd[1]: Listening on systemd-ask-password.socket - Query the User Interactively for a Password.
[    5.971083] systemd[1]: Listening on systemd-creds.socket - Credential Encryption/Decryption.
[    5.973741] systemd[1]: Listening on systemd-factory-reset.socket - Factory Reset Management.
[    5.976744] systemd[1]: Listening on systemd-mute-console.socket - Console Output Muting Service Socket.
[    5.978132] systemd[1]: Listening on systemd-networkd-resolve-hook.socket - Network Management Resolve Hook Socket.
[    5.979316] systemd[1]: Listening on systemd-networkd-varlink.socket - Network Management Varlink Socket.
[    5.982472] systemd[1]: Listening on systemd-networkd.socket - Network Management Netlink Socket.
[    5.983903] systemd[1]: systemd-pcrextend.socket - TPM PCR Measurements skipped, unmet condition check ConditionSecurity=measured-uki
[    5.983983] systemd[1]: systemd-pcrlock.socket - Make TPM PCR Policy skipped, unmet condition check ConditionSecurity=measured-uki
[    5.984214] systemd[1]: Listening on systemd-resolved-monitor.socket - Resolve Monitor Varlink Socket.
[    5.985710] systemd[1]: Listening on systemd-resolved-varlink.socket - Resolve Service Varlink Socket.
[    5.987095] systemd[1]: Listening on systemd-udevd-control.socket - udev Control Socket.
[    5.988443] systemd[1]: Listening on systemd-udevd-varlink.socket - udev Varlink Socket.
[    5.992361] systemd[1]: Mounting dev-hugepages.mount - Huge Pages File System...
[    5.996008] systemd[1]: Mounting dev-mqueue.mount - POSIX Message Queue File System...
[    6.001178] systemd[1]: Mounting sys-kernel-debug.mount - Kernel Debug File System...
[    6.009214] systemd[1]: Mounting sys-kernel-tracing.mount - Kernel Trace File System...
[    6.015890] systemd[1]: Starting systemd-journald.service - Journal Service...
[    6.021237] systemd[1]: Starting keyboard-setup.service - Set the console keyboard layout...
[    6.026254] systemd[1]: Starting kmod-static-nodes.service - Create List of Static Device Nodes...
[    6.032049] systemd[1]: Starting lvm2-monitor.service - Monitoring of LVM2 mirrors, snapshots etc. using dmeventd or progress polling...
[    6.034596] systemd[1]: modprobe@configfs.service - Load Kernel Module configfs skipped, unmet condition check ConditionKernelModuleLoaded=!configfs
[    6.037330] systemd[1]: Starting modprobe@dm_multipath.service - Load Kernel Module dm_multipath...
[    6.040590] systemd[1]: modprobe@drm.service - Load Kernel Module drm skipped, unmet condition check ConditionKernelModuleLoaded=!drm
[    6.043544] systemd[1]: Starting modprobe@efi_pstore.service - Load Kernel Module efi_pstore...
[    6.046835] systemd[1]: modprobe@fuse.service - Load Kernel Module fuse skipped, unmet condition check ConditionKernelModuleLoaded=!fuse
[    6.049744] systemd[1]: Mounting sys-fs-fuse-connections.mount - FUSE Control File System...
[    6.051793] systemd[1]: netplan-ovs-cleanup.service - OpenVSwitch configuration for cleanup skipped, unmet condition check ConditionFileIsExecutable=/usr/bin/ovs-vsctl
[    6.052436] systemd[1]: systemd-hibernate-clear.service - Clear Stale Hibernate Storage Info skipped, unmet condition check ConditionPathExists=/sys/firmware/efi/efivars/HibernateLocation-8cf2644b-4b0b-428f-9387-6d876050dc67
[    6.056135] systemd-journald[780]: Collecting audit messages is disabled.
[    6.056610] systemd[1]: Starting systemd-modules-load.service - Load Kernel Modules...
[    6.060446] systemd[1]: systemd-pcrmachine.service - TPM PCR Machine ID Measurement skipped, unmet condition check ConditionSecurity=measured-uki
[    6.060616] systemd[1]: systemd-pcrproduct.service - TPM NvPCR Product ID Measurement skipped, unmet condition check ConditionSecurity=measured-uki
[    6.063621] systemd[1]: Starting systemd-remount-fs.service - Remount Root and Kernel File Systems...
[    6.066517] pstore: Using crash dump compression: deflate
[    6.066911] systemd[1]: systemd-tpm2-setup-early.service - Early TPM SRK Setup skipped, unmet condition check ConditionSecurity=measured-uki
[    6.071371] systemd[1]: Starting systemd-udev-load-credentials.service - Load udev Rules from Credentials...
[    6.079145] systemd[1]: Starting systemd-udev-trigger.service - Coldplug All udev Devices...
[    6.092438] pstore: Registered efi_pstore as persistent store backend
[    6.092542] systemd[1]: Started systemd-journald.service - Journal Service.
[    6.106110] EXT4-fs (nvme0n1p2): re-mounted 6f429c86-0bce-47e5-854d-7b52465d8888 r/w.
[    6.162989] Adding 4194300k swap on /swap.img.  Priority:-1 extents:3 across:4464636k SS
[    6.176416] systemd-journald[780]: Received client request to flush runtime journal.
[    6.960229] input: DELL Wireless hotkeys as /devices/virtual/input/input13
[    7.140279] cfg80211: Loading compiled-in X.509 certificates for regulatory database
[    7.140717] Loaded X.509 cert 'sforshee: 00b28ddf47aef9cea7'
[    7.141163] Loaded X.509 cert 'wens: 61c038651aabdcf94bd0ac7ff06c7248db18c600'
[    7.182931] snd_pci_acp3x 0000:03:00.5: ACP audio mode : 2
[    7.216635] audit: type=1400 audit(1779331930.899:2): apparmor="STATUS" operation="profile_load" profile="unconfined" name="Discord" pid=967 comm="apparmor_parser"
[    7.216715] audit: type=1400 audit(1779331930.899:3): apparmor="STATUS" operation="profile_load" profile="unconfined" name=4D6F6E676F444220436F6D70617373 pid=968 comm="apparmor_parser"
[    7.216823] audit: type=1400 audit(1779331930.899:4): apparmor="STATUS" operation="profile_load" profile="unconfined" name="1password" pid=966 comm="apparmor_parser"
[    7.217048] audit: type=1400 audit(1779331930.900:5): apparmor="STATUS" operation="profile_load" profile="unconfined" name="QtWebEngineProcess" pid=969 comm="apparmor_parser"
[    7.222171] audit: type=1400 audit(1779331930.905:6): apparmor="STATUS" operation="profile_load" profile="unconfined" name="alsamixer" pid=971 comm="apparmor_parser"
[    7.224108] audit: type=1400 audit(1779331930.907:7): apparmor="STATUS" operation="profile_load" profile="unconfined" name="babeld" pid=972 comm="apparmor_parser"
[    7.225151] audit: type=1400 audit(1779331930.908:8): apparmor="STATUS" operation="profile_load" profile="unconfined" name="balena-etcher" pid=973 comm="apparmor_parser"
[    7.225457] audit: type=1400 audit(1779331930.908:9): apparmor="STATUS" operation="profile_load" profile="unconfined" name="Xorg" pid=970 comm="apparmor_parser"
[    7.225466] audit: type=1400 audit(1779331930.908:10): apparmor="STATUS" operation="profile_load" profile="unconfined" name="Xorg_wrap" pid=970 comm="apparmor_parser"
[    7.228637] audit: type=1400 audit(1779331930.911:11): apparmor="STATUS" operation="profile_load" profile="unconfined" name="bfdd" pid=974 comm="apparmor_parser"
[    7.347550] mc: Linux media interface: v0.10
[    7.421639] piix4_smbus 0000:00:14.0: SMBus Host Controller at 0xb00, revision 0
[    7.421661] piix4_smbus 0000:00:14.0: Using register 0x02 for SMBus port selection
[    7.427114] Bluetooth: Core ver 2.22
[    7.427202] NET: Registered PF_BLUETOOTH protocol family
[    7.427207] Bluetooth: HCI device and connection manager initialized
[    7.427218] Bluetooth: HCI socket layer initialized
[    7.427225] Bluetooth: L2CAP socket layer initialized
[    7.427237] Bluetooth: SCO socket layer initialized
[    7.433211] i2c i2c-1: Successfully instantiated SPD at 0x50
[    7.436910] piix4_smbus 0000:00:14.0: Auxiliary SMBus Host Controller at 0xb20
[    7.453318] usbcore: registered new device driver r8152-cfgselector
[    7.456745] i2c i2c-3: Successfully instantiated SPD at 0x50
[    7.470964] videodev: Linux video capture interface: v2.00
[    7.489483] usbcore: registered new interface driver btusb
[    7.496711] Bluetooth: hci0: RTL: examining hci_ver=08 hci_rev=000c lmp_ver=08 lmp_subver=8821
[    7.499766] Bluetooth: hci0: RTL: rom_version status=0 version=1
[    7.501307] snd_hda_intel 0000:03:00.1: Handle vga_switcheroo audio client
[    7.503052] Bluetooth: hci0: RTL: btrtl_initialize: key id 0
[    7.503070] Bluetooth: hci0: RTL: loading rtl_bt/rtl8821c_fw.bin
[    7.504303] Bluetooth: hci0: RTL: loading rtl_bt/rtl8821c_config.bin
[    7.504751] Bluetooth: hci0: RTL: cfg_sz 10, total sz 34926
[    7.509539] rtw88_8821ce 0000:02:00.0: Firmware version 24.11.0, H2C version 12
[    7.520790] uvcvideo 3-2:1.0: Found UVC 1.00 device Integrated_Webcam_HD (0c45:6d1a)
[    7.537899] input: HD-Audio Generic HDMI/DP,pcm=3 as /devices/pci0000:00/0000:00:08.1/0000:03:00.1/sound/card0/input14
[    7.550299] usbcore: registered new interface driver uvcvideo
[    7.569861] snd_hda_codec_alc269 hdaudioC1D0: ALC3204: picked fixup  (pin match)
[    7.601556] snd_hda_codec_alc269 hdaudioC1D0: autoconfig for ALC3204: line_outs=1 (0x14/0x0/0x0/0x0/0x0) type:speaker
[    7.601576] snd_hda_codec_alc269 hdaudioC1D0:    speaker_outs=0 (0x0/0x0/0x0/0x0/0x0)
[    7.601584] snd_hda_codec_alc269 hdaudioC1D0:    hp_outs=1 (0x21/0x0/0x0/0x0/0x0)
[    7.601591] snd_hda_codec_alc269 hdaudioC1D0:    mono: mono_out=0x0
[    7.601596] snd_hda_codec_alc269 hdaudioC1D0:    inputs:
[    7.601602] snd_hda_codec_alc269 hdaudioC1D0:      Internal Mic=0x12
[    7.601609] snd_hda_codec_alc269 hdaudioC1D0:      Headset Mic=0x19
[    7.601615] snd_hda_codec_alc269 hdaudioC1D0:      Headphone Mic=0x1a
[    7.603845] RAPL PMU: API unit is 2^-32 Joules, 2 fixed counters, 163840 ms ovfl timer
[    7.603864] RAPL PMU: hw unit of domain package 2^-16 Joules
[    7.603869] RAPL PMU: hw unit of domain core 2^-16 Joules
[    7.616987] r8152-cfgselector 3-1: reset high-speed USB device number 2 using xhci_hcd
[    7.798152] ACPI: battery: new hook: Dell DDV Battery Extension
[    7.828645] kvm_amd: TSC scaling supported
[    7.828666] kvm_amd: Nested Virtualization enabled
[    7.828673] kvm_amd: Nested Paging enabled
[    7.828680] kvm_amd: LBR virtualization supported
[    7.828701] kvm_amd: SEV disabled (ASIDs 0 - 15)
[    7.828708] kvm_amd: SEV-ES disabled (ASIDs 1 - 4294967295)
[    7.828715] kvm_amd: Virtual VMLOAD VMSAVE supported
[    7.828732] kvm_amd: Virtual GIF supported
[    7.871244] dcdbas dcdbas: Dell Systems Management Base Driver (version 5.6.0-3.4)
[    7.956034] MCE: In-kernel MCE decoding enabled.
[    8.013349] usbcore: registered new interface driver r8152
[    8.029791] input: HD-Audio Generic Headphone Mic as /devices/pci0000:00/0000:00:08.1/0000:03:00.6/sound/card1/input15
[    8.042615] amd_atl: AMD Address Translation Library initialized
[    8.177046] usbcore: registered new interface driver cdc_ether
[    8.317941] Bluetooth: hci0: RTL: fw version 0x75b8f098
[    8.506264] rtw88_8821ce 0000:02:00.0 wlp2s0: renamed from wlan0
[    9.048334] input: Dell Privacy Driver as /devices/platform/PNP0C14:00/wmi_bus/wmi_bus-PNP0C14:00/6932965F-1671-4CEB-B988-D3AB0A901919/input/input16
[    9.049395] input: Dell WMI hotkeys as /devices/platform/PNP0C14:00/wmi_bus/wmi_bus-PNP0C14:00/9DBB5994-A997-11DA-B012-B622A1EF5492/input/input17
[    9.249816] nvme nvme0: using unchecked data buffer
[    9.303569] loop0: detected capacity change from 0 to 8
[   14.245903] NET: Registered PF_QIPCRTR protocol family
[   14.246281] intel_rapl_common: Found RAPL domain package
[   14.246291] intel_rapl_common: Found RAPL domain core
[   14.249364] ee1004 1-0050: 512 byte EE1004-compliant SPD EEPROM, read-only
[   14.251864] ee1004 3-0050: 512 byte EE1004-compliant SPD EEPROM, read-only
[   14.256306] usbcore: registered new interface driver r8153_ecm
[   14.279896] ACPI: battery: new hook: Dell Primary Battery Extension
[   14.321059] leds platform::micmute: Setting an LED's brightness failed (-5)
[   14.341203] amdgpu: Virtual CRAT table created for CPU
[   14.341271] amdgpu: Topology: Add CPU node
[   14.341822] amdgpu 0000:03:00.0: initializing kernel modesetting (RAVEN 0x1002:0x15D8 0x1028:0x0AB4 0xC2).
[   14.342424] amdgpu 0000:03:00.0: register mmio base: 0xC0600000
[   14.342430] amdgpu 0000:03:00.0: register mmio size: 524288
[   14.344760] amdgpu 0000:03:00.0: detected ip block number 0 <common_v2_0_0> (soc15_common)
[   14.344771] amdgpu 0000:03:00.0: detected ip block number 1 <gmc_v9_0_0> (gmc_v9_0)
[   14.344778] amdgpu 0000:03:00.0: detected ip block number 2 <ih_v4_0_0> (vega10_ih)
[   14.344785] amdgpu 0000:03:00.0: detected ip block number 3 <psp_v10_0_0> (psp)
[   14.344792] amdgpu 0000:03:00.0: detected ip block number 4 <smu_v1_0_0> (powerplay)
[   14.344798] amdgpu 0000:03:00.0: detected ip block number 5 <dce_v1_0_0> (dm)
[   14.344805] amdgpu 0000:03:00.0: detected ip block number 6 <gfx_v9_0_0> (gfx_v9_0)
[   14.344811] amdgpu 0000:03:00.0: detected ip block number 7 <sdma_v4_0_0> (sdma_v4_0)
[   14.344817] amdgpu 0000:03:00.0: detected ip block number 8 <vcn_v1_0_0> (vcn_v1_0)
[   14.345245] amdgpu 0000:03:00.0: Fetched VBIOS from VFCT
[   14.345255] amdgpu 0000:03:00.0: [drm] ATOM BIOS: 113-PICASSO-117
[   14.384433] Console: switching to colour dummy device 80x25
[   14.386007] amdgpu 0000:03:00.0: vgaarb: deactivate vga console
[   14.386028] amdgpu 0000:03:00.0: Trusted Memory Zone (TMZ) feature enabled
[   14.386131] amdgpu 0000:03:00.0: vm size is 262144 GB, 4 levels, block size is 9-bit, fragment size is 9-bit
[   14.386163] amdgpu 0000:03:00.0: VRAM: 2048M 0x000000F400000000 - 0x000000F47FFFFFFF (2048M used)
[   14.386171] amdgpu 0000:03:00.0: GART: 1024M 0x0000000000000000 - 0x000000003FFFFFFF
[   14.386196] amdgpu 0000:03:00.0: [drm] Detected VRAM RAM=2048M, BAR=2048M
[   14.386202] amdgpu 0000:03:00.0: [drm] RAM width 64bits DDR4
[   14.386624] amdgpu 0000:03:00.0:  2048M of VRAM memory ready
[   14.386635] amdgpu 0000:03:00.0:  6672M of GTT memory ready.
[   14.387145] amdgpu 0000:03:00.0: [drm] GART: num cpu pages 262144, num gpu pages 262144
[   14.387502] amdgpu 0000:03:00.0: [drm] PCIE GART of 1024M enabled.
[   14.387511] amdgpu 0000:03:00.0: [drm] PTB located at 0x000000F400A00000
[   14.390161] amdgpu: hwmgr_sw_init smu backed is smu10_smu
[   14.393237] amdgpu 0000:03:00.0: [VCN instance 0] Found VCN firmware Version ENC: 1.15 DEC: 3 VEP: 0 Revision: 0
[   14.416791] amdgpu 0000:03:00.0: reserve 0x400000 from 0xf47fc00000 for PSP TMR
[   14.457517] r8152 3-1:1.0 enx00e04c680b67: renamed from eth0
[   14.496129] amdgpu 0000:03:00.0: RAS: optional ras ta ucode is not available
[   14.506974] amdgpu 0000:03:00.0: RAP: optional rap ta ucode is not available
[   14.512705] amdgpu 0000:03:00.0: psp gfx command LOAD_TA(0x1) failed and response status is (0x7)
[   14.513904] [drm] DM_PPLIB: values for F clock
[   14.513914] [drm] DM_PPLIB:	 400000 in kHz, 3049 in mV
[   14.513918] [drm] DM_PPLIB:	 933000 in kHz, 3324 in mV
[   14.513923] [drm] DM_PPLIB:	 1067000 in kHz, 3924 in mV
[   14.513927] [drm] DM_PPLIB:	 1200000 in kHz, 4074 in mV
[   14.513933] [drm] DM_PPLIB: values for DCF clock
[   14.513937] [drm] DM_PPLIB:	 300000 in kHz, 3049 in mV
[   14.513941] [drm] DM_PPLIB:	 600000 in kHz, 3324 in mV
[   14.513945] [drm] DM_PPLIB:	 626000 in kHz, 3924 in mV
[   14.513950] [drm] DM_PPLIB:	 654000 in kHz, 4074 in mV
[   14.515133] amdgpu 0000:03:00.0: [drm] Display Core v3.2.369 initialized on DCN 1.0
[   14.525036] snd_hda_intel 0000:03:00.1: bound 0000:03:00.0 (ops amdgpu_dm_audio_component_bind_ops [amdgpu])
[   14.555469] r8152 3-1:1.0 enx00e04c680b67: carrier on
[   14.601677] amdgpu 0000:03:00.0: kiq ring mec 2 pipe 1 q 0
[   14.621848] kfd kfd: Allocated 3969056 bytes on gart
[   14.621894] kfd kfd: Total number of KFD nodes to be created: 1
[   14.622255] amdgpu: Virtual CRAT table created for GPU
[   14.622454] amdgpu: Topology: Add GPU node [0x1002:0x15d8]
[   14.622460] kfd kfd: added device 1002:15d8
[   14.622486] amdgpu 0000:03:00.0: SE 1, SH per SE 1, CU per SH 11, active_cu_number 8
[   14.622498] amdgpu 0000:03:00.0: ring gfx uses VM inv eng 0 on hub 0
[   14.622504] amdgpu 0000:03:00.0: ring comp_1.0.0 uses VM inv eng 1 on hub 0
[   14.622509] amdgpu 0000:03:00.0: ring comp_1.1.0 uses VM inv eng 4 on hub 0
[   14.622514] amdgpu 0000:03:00.0: ring comp_1.2.0 uses VM inv eng 5 on hub 0
[   14.622518] amdgpu 0000:03:00.0: ring comp_1.3.0 uses VM inv eng 6 on hub 0
[   14.622523] amdgpu 0000:03:00.0: ring comp_1.0.1 uses VM inv eng 7 on hub 0
[   14.622527] amdgpu 0000:03:00.0: ring comp_1.1.1 uses VM inv eng 8 on hub 0
[   14.622532] amdgpu 0000:03:00.0: ring comp_1.2.1 uses VM inv eng 9 on hub 0
[   14.622536] amdgpu 0000:03:00.0: ring comp_1.3.1 uses VM inv eng 10 on hub 0
[   14.622541] amdgpu 0000:03:00.0: ring kiq_0.2.1.0 uses VM inv eng 11 on hub 0
[   14.622545] amdgpu 0000:03:00.0: ring sdma0 uses VM inv eng 0 on hub 8
[   14.622550] amdgpu 0000:03:00.0: ring vcn_dec uses VM inv eng 1 on hub 8
[   14.622554] amdgpu 0000:03:00.0: ring vcn_enc0 uses VM inv eng 4 on hub 8
[   14.622558] amdgpu 0000:03:00.0: ring vcn_enc1 uses VM inv eng 5 on hub 8
[   14.622563] amdgpu 0000:03:00.0: ring jpeg_dec uses VM inv eng 6 on hub 8
[   14.629293] amdgpu: pp_dpm_get_sclk_od was not implemented.
[   14.629300] amdgpu: pp_dpm_get_mclk_od was not implemented.
[   14.629611] amdgpu 0000:03:00.0: Runtime PM not available
[   14.630429] amdgpu 0000:03:00.0: [drm] Using custom brightness curve
[   14.632574] amdgpu 0000:03:00.0: [drm] Registered 4 planes with drm panic
[   14.647748] [drm] Initialized amdgpu 3.64.0 for 0000:03:00.0 on minor 1
[   14.654639] fbcon: amdgpudrmfb (fb0) is primary device
[   14.661207] Console: switching to colour frame buffer device 170x48
[   14.674938] amdgpu 0000:03:00.0: [drm] fb0: amdgpudrmfb frame buffer device
[  128.244868] kauditd_printk_skb: 177 callbacks suppressed
[  128.244878] audit: type=1400 audit(1779332052.326:189): apparmor="DENIED" operation="open" class="file" profile="pollinate" name="/usr/share/coreutils/locales/uucore/en-US.ftl" pid=1799 comm="mktemp" requested_mask="r" denied_mask="r" fsuid=101 ouid=0
[  128.245506] audit: type=1400 audit(1779332052.327:190): apparmor="DENIED" operation="open" class="file" profile="pollinate" name="/usr/share/coreutils/locales/uucore/es-ES.ftl" pid=1799 comm="mktemp" requested_mask="r" denied_mask="r" fsuid=101 ouid=0
[  128.245543] audit: type=1400 audit(1779332052.327:191): apparmor="DENIED" operation="open" class="file" profile="pollinate" name="/usr/share/coreutils/locales/mktemp/es-ES.ftl" pid=1799 comm="mktemp" requested_mask="r" denied_mask="r" fsuid=101 ouid=0
[  128.269657] audit: type=1400 audit(1779332052.351:192): apparmor="DENIED" operation="open" class="file" profile="pollinate" name="/usr/share/coreutils/locales/uucore/en-US.ftl" pid=1809 comm="head" requested_mask="r" denied_mask="r" fsuid=101 ouid=0
[  128.270202] audit: type=1400 audit(1779332052.351:193): apparmor="DENIED" operation="open" class="file" profile="pollinate" name="/usr/share/coreutils/locales/uucore/es-ES.ftl" pid=1809 comm="head" requested_mask="r" denied_mask="r" fsuid=101 ouid=0
[  128.270281] audit: type=1400 audit(1779332052.351:194): apparmor="DENIED" operation="open" class="file" profile="pollinate" name="/usr/share/coreutils/locales/head/es-ES.ftl" pid=1809 comm="head" requested_mask="r" denied_mask="r" fsuid=101 ouid=0
[  128.313373] audit: type=1400 audit(1779332052.395:195): apparmor="DENIED" operation="open" class="file" profile="pollinate" name="/usr/share/coreutils/locales/uucore/en-US.ftl" pid=1821 comm="uname" requested_mask="r" denied_mask="r" fsuid=101 ouid=0
[  128.313709] audit: type=1400 audit(1779332052.395:196): apparmor="DENIED" operation="open" class="file" profile="pollinate" name="/usr/share/coreutils/locales/uucore/es-ES.ftl" pid=1821 comm="uname" requested_mask="r" denied_mask="r" fsuid=101 ouid=0
[  128.313729] audit: type=1400 audit(1779332052.395:197): apparmor="DENIED" operation="open" class="file" profile="pollinate" name="/usr/share/coreutils/locales/uname/es-ES.ftl" pid=1821 comm="uname" requested_mask="r" denied_mask="r" fsuid=101 ouid=0
[  129.073947] audit: type=1400 audit(1779332053.155:198): apparmor="DENIED" operation="open" class="file" profile="pollinate" name="/usr/share/coreutils/locales/uucore/en-US.ftl" pid=1835 comm="head" requested_mask="r" denied_mask="r" fsuid=101 ouid=0
